// Jest Snapshot v1, https://goo.gl/fbAQLP

exports[`<CopyToClipboard /> renders properly when should not show 1`] = `<span />`;

exports[`<CopyToClipboard /> renders properly when should show 1`] = `
<WithStyles(ForwardRef(IconButton))
  color="inherit"
  onClick={[Function]}
  size="small"
>
  <FileCopyOutlinedIcon
    fontSize="small"
  />
</WithStyles(ForwardRef(IconButton))>
`;
