// Jest Snapshot v1, https://goo.gl/fbAQLP

exports[`GameController joinGame throws an error if game does not exist 1`] = `"Game does not exist"`;

exports[`GameController joinGame throws an error if game is full 1`] = `"Game is full"`;

exports[`GameController joinGame throws an error if game is shortened 1`] = `"This game was created for test purposes and cannot be joined."`;

exports[`GameController kickPlayer throws an error if user is not an admin 1`] = `"Only game admins can kick players from the game"`;

exports[`GameController peel bunch has less tiles than number of players updates game snapshot with active players 1`] = `
[
  {
    "board": {},
    "gamesWon": 1,
    "hand": [],
    "isAdmin": true,
    "isTopBanana": true,
    "status": "NOT_READY",
    "userId": "socketId",
    "username": "username",
  },
  {
    "board": {},
    "gamesWon": 0,
    "hand": [],
    "isAdmin": false,
    "isTopBanana": false,
    "status": "NOT_READY",
    "userId": "p1",
    "username": "p",
  },
]
`;
