// Jest Snapshot v1, https://goo.gl/fbAQLP

exports[`GameController joinGame throws an error if game does not exist 1`] = `"Game does not exist"`;

exports[`GameController joinGame throws an error if game is full 1`] = `"Game is full"`;

exports[`GameController joinGame throws an error if game is in progress 1`] = `"Game is already in progress"`;

exports[`GameController joinGame throws an error if game is shortened 1`] = `"This game was created for test purposes and cannot be joined."`;

exports[`GameController kickPlayer throws an error if user is not an admin 1`] = `"Only game admins can kick players from the game"`;

exports[`GameController peel bunch has less tiles than number of players updates game snapshot 1`] = `
Object {
  "boards": Object {
    "p1": Object {},
    "socketId": Object {},
  },
  "hands": Object {
    "p1": Array [],
    "socketId": Array [],
  },
  "players": Array [
    Object {
      "gamesWon": 1,
      "isAdmin": true,
      "isReady": false,
      "isTopBanana": true,
      "userId": "socketId",
      "username": "username",
    },
    Object {
      "gamesWon": 0,
      "isAdmin": false,
      "isReady": false,
      "isTopBanana": false,
      "userId": "p1",
      "username": "p",
    },
  ],
}
`;
