// Jest Snapshot v1, https://goo.gl/fbAQLP

exports[`<ServerDisconnectionDialog /> renders properly 1`] = `
<ForwardRef(Dialog)
  onClose={[MockFunction hideDialog]}
  open={true}
>
  <ForwardRef(DialogContent)>
    <ForwardRef(DialogContentText)>
      You have been disconnected from the server.
    </ForwardRef(DialogContentText)>
  </ForwardRef(DialogContent)>
  <ForwardRef(DialogActions)>
    <ForwardRef(Button)
      color="primary"
      onClick={[MockFunction hideDialog]}
    >
      Return home
    </ForwardRef(Button)>
  </ForwardRef(DialogActions)>
</ForwardRef(Dialog)>
`;
