// Jest Snapshot v1, https://goo.gl/fbAQLP

exports[`SocketContext <SocketProvider /> renders provider properly 1`] = `
<ContextProvider
  value={
    Object {
      "socket": Object {
        "disconnect": [MockFunction],
        "emit": [MockFunction],
        "on": [MockFunction],
      },
    }
  }
>
  children
</ContextProvider>
`;
