// Jest Snapshot v1, https://goo.gl/fbAQLP

exports[`SocketContext <SocketProvider /> renders provider properly 1`] = `
<ContextProvider
  value={
    {
      "socket": {
        "emit": [MockFunction],
        "on": [MockFunction] {
          "calls": [
            [
              "notification",
              [Function],
            ],
          ],
          "results": [
            {
              "type": "return",
              "value": undefined,
            },
          ],
        },
      },
    }
  }
>
  children
</ContextProvider>
`;
