// Jest Snapshot v1, https://goo.gl/fbAQLP

exports[`<WalkthroughDialog /> renders properly 1`] = `
<WithStyles(ForwardRef(Dialog))
  disableBackdropClick={true}
  onClose={[MockFunction handleClose]}
  open={true}
>
  <WithStyles(ForwardRef(DialogTitle))>
    Want to play with the interactive tutorial?
  </WithStyles(ForwardRef(DialogTitle))>
  <WithStyles(ForwardRef(DialogContent))>
    <WithStyles(ForwardRef(DialogContentText))>
      You look new here! Want to learn how to play?
    </WithStyles(ForwardRef(DialogContentText))>
    <WithStyles(ForwardRef(DialogContentText))
      style={
        Object {
          "marginBottom": "0",
        }
      }
    >
      <WithStyles(ForwardRef(FormControlLabel))
        control={
          <WithStyles(ForwardRef(Checkbox))
            checked={true}
            onChange={[Function]}
          />
        }
        label="Don't ask again."
      />
    </WithStyles(ForwardRef(DialogContentText))>
  </WithStyles(ForwardRef(DialogContent))>
  <WithStyles(ForwardRef(DialogActions))
    disableSpacing={true}
  >
    <WithStyles(ForwardRef(Button))
      onClick={[MockFunction handleClose]}
    >
      No
    </WithStyles(ForwardRef(Button))>
    <WithStyles(ForwardRef(Button))
      color="primary"
      onClick={[Function]}
    >
      Yes
    </WithStyles(ForwardRef(Button))>
  </WithStyles(ForwardRef(DialogActions))>
</WithStyles(ForwardRef(Dialog))>
`;
