// Jest Snapshot v1, https://goo.gl/fbAQLP

exports[`<Game /> renders board with overlay 1`] = `
.emotion-0at1na8-Game {
  width: 100vw;
  height: 100vh;
}

<div
  className="emotion-0"
>
  <Suspense
    fallback={
      <LoadingContainer
        size="large"
      />
    }
  >
    <lazy />
  </Suspense>
  <Overlay />
  <SelectedTile />
</div>
`;
