// Jest Snapshot v1, https://goo.gl/fbAQLP

exports[`<CreateGameForm /> renders properly 1`] = `
<Fragment>
  <WithStyles(ForwardRef(Typography))
    style={
      Object {
        "marginBottom": "5px",
      }
    }
    variant="h3"
  >
    Start a new game
  </WithStyles(ForwardRef(Typography))>
  <ErrorAlert
    style={
      Object {
        "marginBottom": "5px",
      }
    }
    visible={true}
  >
    error
  </ErrorAlert>
  <WithStyles(ForwardRef(Grid))
    autoComplete="off"
    component="form"
    container={true}
    direction="column"
    spacing={3}
  >
    <WithStyles(ForwardRef(Grid))
      item={true}
    >
      <TextField
        label="Game name"
        margin="dense"
        name="gameName"
        required={true}
        setValue={[MockFunction setGameName]}
        value="gameName"
      />
      <TextField
        label="Username"
        margin="dense"
        name="username"
        required={true}
        setValue={[MockFunction setUsername]}
        value="username"
      />
    </WithStyles(ForwardRef(Grid))>
    <WithStyles(ForwardRef(Grid))
      item={true}
    >
      <Button
        disabled={false}
        fullWidth={true}
        loading={true}
        loadingText="Creating game"
        onClick={[MockFunction onSubmit]}
        size="large"
        type="submit"
      >
        Create game
      </Button>
    </WithStyles(ForwardRef(Grid))>
  </WithStyles(ForwardRef(Grid))>
</Fragment>
`;
