// Jest Snapshot v1, https://goo.gl/fbAQLP

exports[`<CreateGameForm /> renders properly 1`] = `
<Box
  as="form"
  autoComplete="off"
  onSubmit={[MockFunction onSubmit]}
>
  <Stack
    spacing={6}
  >
    <Heading
      as="h1"
      textAlign="center"
    >
      Start a new game
    </Heading>
    <Stack>
      <ErrorAlert
        visible={true}
      >
        error
      </ErrorAlert>
      <InputField
        isRequired={true}
        label="Game name"
        name="gameName"
        setValue={[MockFunction setGameName]}
        value="gameName"
      />
      <InputField
        isRequired={true}
        label="Username"
        name="username"
        setValue={[MockFunction setUsername]}
        value="username"
      />
    </Stack>
    <Button
      colorScheme="blue"
      isLoading={true}
      loadingText="Creating game"
      type="submit"
    >
      Create game
    </Button>
  </Stack>
</Box>
`;
