// Jest Snapshot v1, https://goo.gl/fbAQLP

exports[`<GameManager /> renders Game when in game 1`] = `<Game />`;

exports[`<GameManager /> renders StartGame when not in game 1`] = `<StartGame />`;

exports[`<GameManager /> renders redirect when not in game 1`] = `
<Navigate
  replace={true}
  to="/game/gameId/join"
/>
`;
