// Jest Snapshot v1, https://goo.gl/fbAQLP

exports[`<GameSidebar /> renders properly 1`] = `
<WithStyles(ForwardRef(Drawer))
  anchor="left"
  classes={
    Object {
      "paper": "drawerPaper",
    }
  }
  open={true}
  variant="permanent"
>
  <WithStyles(ForwardRef(List))
    disablePadding={true}
  >
    <WithStyles(ForwardRef(ListItem))
      button={true}
      onClick={[MockFunction showLeaveGameDialog]}
    >
      <WithStyles(ForwardRef(ListItemIcon))>
        <ExitToAppIcon />
      </WithStyles(ForwardRef(ListItemIcon))>
    </WithStyles(ForwardRef(ListItem))>
  </WithStyles(ForwardRef(List))>
  <WithStyles(ForwardRef(Dialog))
    onClose={[MockFunction handleLeaveGameCancel]}
    open={true}
  >
    <WithStyles(ForwardRef(DialogContent))>
      <WithStyles(ForwardRef(DialogContentText))>
        Are you sure you want to leave the game?
      </WithStyles(ForwardRef(DialogContentText))>
    </WithStyles(ForwardRef(DialogContent))>
    <WithStyles(ForwardRef(DialogActions))>
      <WithStyles(ForwardRef(Button))
        onClick={[MockFunction handleLeaveGameCancel]}
      >
        No
      </WithStyles(ForwardRef(Button))>
      <WithStyles(ForwardRef(Button))
        color="primary"
        component={
          Object {
            "$$typeof": Symbol(react.forward_ref),
            "displayName": "Link",
            "propTypes": Object {
              "innerRef": [Function],
              "onClick": [Function],
              "replace": [Function],
              "target": [Function],
              "to": [Function],
            },
            "render": [Function],
          }
        }
        to="/"
      >
        Yes
      </WithStyles(ForwardRef(Button))>
    </WithStyles(ForwardRef(DialogActions))>
  </WithStyles(ForwardRef(Dialog))>
</WithStyles(ForwardRef(Drawer))>
`;
