// Jest Snapshot v1, https://goo.gl/fbAQLP

exports[`JoinGameForm renders properly 1`] = `
<Form
  inline={false}
>
  <Alert
    closeLabel="Close alert"
    show={true}
    transition={
      Object {
        "$$typeof": Symbol(react.forward_ref),
        "defaultProps": Object {
          "appear": false,
          "in": false,
          "mountOnEnter": false,
          "timeout": 300,
          "unmountOnExit": false,
        },
        "displayName": "Fade",
        "render": [Function],
      }
    }
    variant="danger"
  >
    Error
  </Alert>
  <InputField
    label="Username"
    name="username"
    setValue={[MockFunction setUsername]}
  />
  <Button
    disabled={true}
    loading={false}
    loadingText="Joining game"
    onClick={[MockFunction onSubmit]}
  >
    Join game
  </Button>
</Form>
`;
