// Jest Snapshot v1, https://goo.gl/fbAQLP

exports[`<JoinGameForm /> renders properly 1`] = `
<Box
  as="form"
  autoComplete="off"
  onSubmit={[MockFunction onSubmit]}
  textAlign="center"
>
  <Stack
    spacing={6}
  >
    <Heading
      as="h1"
    >
      Join game
    </Heading>
    <Stack>
      <ErrorAlert
        visible={true}
      >
        error
      </ErrorAlert>
      <TextField
        isRequired={true}
        label="Username"
        name="username"
        setValue={[MockFunction setUsername]}
        value="username"
      />
    </Stack>
    <Button
      colorScheme="blue"
      isLoading={true}
      loadingText="Joining game"
      type="submit"
    >
      Join game
    </Button>
    <Link
      as={
        {
          "$$typeof": Symbol(react.forward_ref),
          "render": [Function],
        }
      }
      to="/"
    >
      Go home
    </Link>
  </Stack>
</Box>
`;
