// Jest Snapshot v1, https://goo.gl/fbAQLP

exports[`<PeelButton /> renders properly 1`] = `
<Tooltip
  hasArrow={true}
  label={
    <Text
      textAlign="center"
    >
      Get a new tile and send one to everyone else
    </Text>
  }
>
  <Button
    colorScheme="blue"
    isDisabled={false}
    onClick={[MockFunction handlePeel]}
  >
    Peel!
  </Button>
</Tooltip>
`;
