// Jest Snapshot v1, https://goo.gl/fbAQLP

exports[`<PeelButton /> renders properly 1`] = `
<ForwardRef(Tooltip)
  title="Get a new tile and send one to everyone else"
>
  <span>
    <Button
      disabled={false}
      fullWidth={true}
      onClick={[MockFunction handlePeel]}
      size="large"
    >
      Peel!
    </Button>
  </span>
</ForwardRef(Tooltip)>
`;
