// Jest Snapshot v1, https://goo.gl/fbAQLP

exports[`<SocketGameProvider /> renders properly 1`] = `
<GameProvider
  gameState={
    {
      "gameInfo": {
        "bunch": [],
        "gameId": "gameId",
        "gameName": "",
        "isInProgress": false,
        "players": [],
        "previousSnapshot": null,
      },
      "handleDump": [Function],
      "handleMoveAllTilesFromBoardToHand": [Function],
      "handleMoveTileFromBoardToHand": [Function],
      "handleMoveTileFromHandToBoard": [Function],
      "handleMoveTileOnBoard": [Function],
      "handlePeel": [Function],
      "isInGame": false,
      "walkthroughEnabled": false,
    }
  }
>
  Children
</GameProvider>
`;
