// Jest Snapshot v1, https://goo.gl/fbAQLP

exports[`<SocketGameProvider /> renders properly 1`] = `
<GameProvider
  gameState={
    Object {
      "gameInfo": Object {
        "boards": Object {},
        "bunch": Array [],
        "countdown": 0,
        "gameId": "gameId",
        "gameName": "",
        "hands": Object {},
        "players": Array [],
        "previousSnapshot": null,
        "status": "NOT_STARTED",
      },
      "handleDump": [Function],
      "handleMoveAllTilesFromBoardToHand": [Function],
      "handleMoveTileFromBoardToHand": [Function],
      "handleMoveTileFromHandToBoard": [Function],
      "handleMoveTileOnBoard": [Function],
      "handlePeel": [Function],
      "isInGame": false,
      "walkthroughEnabled": false,
    }
  }
>
  Children
</GameProvider>
`;
