// Jest Snapshot v1, https://goo.gl/fbAQLP

exports[`Board Model addTile throws error if square is not empty 1`] = `"Board already has tile at position 0, 0"`;

exports[`Board Model removeTile throws an error if there is no tile at position 1`] = `"Board does not have a tile at position 0, 0"`;

exports[`Board Model toJSON turns fields into JSON 1`] = `
Object {
  "0,0": Object {
    "tile": Object {
      "id": "A1",
      "letter": "A",
    },
    "wordInfo": undefined,
  },
  "0,1": null,
}
`;

exports[`Board Model validateEmptySquare throws an error when position is not empty 1`] = `"Board already has tile at position 0, 0"`;
