// Jest Snapshot v1, https://goo.gl/fbAQLP

exports[`Game Model toJSON converts fields into JSON 1`] = `
{
  "bunch": [],
  "gameId": "id",
  "gameName": "name",
  "isInProgress": false,
  "players": [
    {
      "board": {},
      "gamesWon": 0,
      "hand": [],
      "isAdmin": false,
      "isTopBanana": false,
      "status": "NOT_READY",
      "userId": "p",
      "username": "p",
    },
  ],
  "previousSnapshot": null,
}
`;
