// Jest Snapshot v1, https://goo.gl/fbAQLP

exports[`Game Model toJSON converts fields into JSON 1`] = `
Object {
  "boards": Object {
    "p": Object {},
  },
  "bunch": Array [],
  "countdown": 0,
  "gameId": "id",
  "gameName": "name",
  "hands": Object {
    "p": Array [],
  },
  "players": Array [
    Object {
      "gamesWon": 0,
      "isAdmin": false,
      "isReady": false,
      "isTopBanana": false,
      "userId": "p",
      "username": "p",
    },
  ],
  "previousSnapshot": null,
  "status": "NOT_STARTED",
}
`;
