// Jest Snapshot v1, https://goo.gl/fbAQLP

exports[`Hand Model removeTile throws an error when tile is not in hand 1`] = `"Tile with id A1 is not present in hand"`;

exports[`Hand Model toJSON returns array of JSON tiles 1`] = `
Array [
  Object {
    "id": "A1",
    "letter": "A",
  },
  Object {
    "id": "B1",
    "letter": "B",
  },
  Object {
    "id": "C1",
    "letter": "C",
  },
]
`;
