// Jest Snapshot v1, https://goo.gl/fbAQLP

exports[`<Board /> renders properly 1`] = `
<ForwardRef(Card2)
  display="inline-flex"
  flexDirection="column"
  variant="outline"
>
  <Flex
    key="0"
  >
    <BoardSquare
      boardSquare={
        {
          "tile": {
            "id": "A1",
            "letter": "A",
          },
          "wordInfo": {
            "ACROSS": {
              "start": {
                "x": 0,
                "y": 0,
              },
              "validation": "VALID",
            },
            "DOWN": {
              "start": {
                "x": 0,
                "y": 0,
              },
              "validation": "NOT_VALIDATED",
            },
          },
        }
      }
      key="0"
      x={0}
      y={0}
    />
    <BoardSquare
      boardSquare={null}
      key="1"
      x={0}
      y={1}
    />
  </Flex>
  <Flex
    key="1"
  >
    <BoardSquare
      boardSquare={null}
      key="0"
      x={1}
      y={0}
    />
    <BoardSquare
      boardSquare={null}
      key="1"
      x={1}
      y={1}
    />
  </Flex>
</ForwardRef(Card2)>
`;
