// Jest Snapshot v1, https://goo.gl/fbAQLP

exports[`<Board /> renders properly 1`] = `
<TransparentPaper
  component={
    {
      "$$typeof": Symbol(react.forward_ref),
      "propTypes": {
        "children": [Function],
        "component": [Function],
        "sx": [Function],
      },
      "render": [Function],
    }
  }
  display="inline-flex"
  flexDirection="column"
>
  <ForwardRef(Box)
    display="flex"
    key="0"
  >
    <BoardSquare
      boardSquare={
        {
          "tile": {
            "id": "A1",
            "letter": "A",
          },
          "wordInfo": {
            "ACROSS": {
              "start": {
                "x": 0,
                "y": 0,
              },
              "validation": "VALID",
            },
            "DOWN": {
              "start": {
                "x": 0,
                "y": 0,
              },
              "validation": "NOT_VALIDATED",
            },
          },
        }
      }
      key="0"
      x={0}
      y={0}
    />
    <BoardSquare
      boardSquare={null}
      key="1"
      x={0}
      y={1}
    />
  </ForwardRef(Box)>
  <ForwardRef(Box)
    display="flex"
    key="1"
  >
    <BoardSquare
      boardSquare={null}
      key="0"
      x={1}
      y={0}
    />
    <BoardSquare
      boardSquare={null}
      key="1"
      x={1}
      y={1}
    />
  </ForwardRef(Box)>
</TransparentPaper>
`;
