// Jest Snapshot v1, https://goo.gl/fbAQLP

exports[`<PreviewBoard /> renders properly 1`] = `
<TransparentPaper
  component={
    Object {
      "$$typeof": Symbol(react.forward_ref),
      "propTypes": Object {
        "alignContent": [Function],
        "alignItems": [Function],
        "alignSelf": [Function],
        "bgcolor": [Function],
        "border": [Function],
        "borderBottom": [Function],
        "borderColor": [Function],
        "borderLeft": [Function],
        "borderRadius": [Function],
        "borderRight": [Function],
        "borderTop": [Function],
        "bottom": [Function],
        "boxShadow": [Function],
        "boxSizing": [Function],
        "children": [Function],
        "className": [Function],
        "clone": [Function],
        "color": [Function],
        "component": [Function],
        "css": [Function],
        "display": [Function],
        "displayPrint": [Function],
        "flex": [Function],
        "flexBasis": [Function],
        "flexDirection": [Function],
        "flexGrow": [Function],
        "flexShrink": [Function],
        "flexWrap": [Function],
        "fontFamily": [Function],
        "fontSize": [Function],
        "fontStyle": [Function],
        "fontWeight": [Function],
        "gridArea": [Function],
        "gridAutoColumns": [Function],
        "gridAutoFlow": [Function],
        "gridAutoRows": [Function],
        "gridColumn": [Function],
        "gridColumnGap": [Function],
        "gridGap": [Function],
        "gridRow": [Function],
        "gridRowGap": [Function],
        "gridTemplateAreas": [Function],
        "gridTemplateColumns": [Function],
        "gridTemplateRows": [Function],
        "height": [Function],
        "justifyContent": [Function],
        "justifyItems": [Function],
        "justifySelf": [Function],
        "left": [Function],
        "letterSpacing": [Function],
        "lineHeight": [Function],
        "m": [Function],
        "margin": [Function],
        "marginBottom": [Function],
        "marginLeft": [Function],
        "marginRight": [Function],
        "marginTop": [Function],
        "marginX": [Function],
        "marginY": [Function],
        "maxHeight": [Function],
        "maxWidth": [Function],
        "mb": [Function],
        "minHeight": [Function],
        "minWidth": [Function],
        "ml": [Function],
        "mr": [Function],
        "mt": [Function],
        "mx": [Function],
        "my": [Function],
        "order": [Function],
        "overflow": [Function],
        "p": [Function],
        "padding": [Function],
        "paddingBottom": [Function],
        "paddingLeft": [Function],
        "paddingRight": [Function],
        "paddingTop": [Function],
        "paddingX": [Function],
        "paddingY": [Function],
        "pb": [Function],
        "pl": [Function],
        "position": [Function],
        "pr": [Function],
        "pt": [Function],
        "px": [Function],
        "py": [Function],
        "right": [Function],
        "textAlign": [Function],
        "textOverflow": [Function],
        "top": [Function],
        "visibility": [Function],
        "whiteSpace": [Function],
        "width": [Function],
        "zIndex": [Function],
      },
      "render": [Function],
    }
  }
  display="inline-flex"
  flexDirection="column"
>
  <Styled(MuiBox)
    display="flex"
    key="0"
  >
    <img
      alt="Tile for the letter A"
      height="23px"
      key="0"
      src="/assets/images/A.png"
      width="23px"
    />
    <Styled(MuiBox)
      height="23px"
      key="1"
      width="23px"
    />
  </Styled(MuiBox)>
  <Styled(MuiBox)
    display="flex"
    key="1"
  >
    <Styled(MuiBox)
      height="23px"
      key="0"
      width="23px"
    />
    <Styled(MuiBox)
      height="23px"
      key="1"
      width="23px"
    />
  </Styled(MuiBox)>
</TransparentPaper>
`;
