// Jest Snapshot v1, https://goo.gl/fbAQLP

exports[`<PreviewBoard /> renders properly 1`] = `
<ForwardRef(Card2)
  display="inline-flex"
  flexDirection="column"
  variant="outline"
>
  <Box
    display="flex"
    key="0"
  >
    <img
      alt="Tile for the letter A"
      height="23px"
      key="0"
      src="/assets/images/A.png"
      width="23px"
    />
    <Box
      height="23px"
      key="1"
      width="23px"
    />
    <Box
      height="23px"
      key="2"
      width="23px"
    />
    <Box
      height="23px"
      key="3"
      width="23px"
    />
    <Box
      height="23px"
      key="4"
      width="23px"
    />
    <Box
      height="23px"
      key="5"
      width="23px"
    />
    <Box
      height="23px"
      key="6"
      width="23px"
    />
    <Box
      height="23px"
      key="7"
      width="23px"
    />
    <Box
      height="23px"
      key="8"
      width="23px"
    />
    <Box
      height="23px"
      key="9"
      width="23px"
    />
    <Box
      height="23px"
      key="10"
      width="23px"
    />
    <Box
      height="23px"
      key="11"
      width="23px"
    />
    <Box
      height="23px"
      key="12"
      width="23px"
    />
    <Box
      height="23px"
      key="13"
      width="23px"
    />
    <Box
      height="23px"
      key="14"
      width="23px"
    />
    <Box
      height="23px"
      key="15"
      width="23px"
    />
    <Box
      height="23px"
      key="16"
      width="23px"
    />
    <Box
      height="23px"
      key="17"
      width="23px"
    />
    <Box
      height="23px"
      key="18"
      width="23px"
    />
    <Box
      height="23px"
      key="19"
      width="23px"
    />
    <Box
      height="23px"
      key="20"
      width="23px"
    />
  </Box>
  <Box
    display="flex"
    key="1"
  >
    <Box
      height="23px"
      key="0"
      width="23px"
    />
    <Box
      height="23px"
      key="1"
      width="23px"
    />
    <Box
      height="23px"
      key="2"
      width="23px"
    />
    <Box
      height="23px"
      key="3"
      width="23px"
    />
    <Box
      height="23px"
      key="4"
      width="23px"
    />
    <Box
      height="23px"
      key="5"
      width="23px"
    />
    <Box
      height="23px"
      key="6"
      width="23px"
    />
    <Box
      height="23px"
      key="7"
      width="23px"
    />
    <Box
      height="23px"
      key="8"
      width="23px"
    />
    <Box
      height="23px"
      key="9"
      width="23px"
    />
    <Box
      height="23px"
      key="10"
      width="23px"
    />
    <Box
      height="23px"
      key="11"
      width="23px"
    />
    <Box
      height="23px"
      key="12"
      width="23px"
    />
    <Box
      height="23px"
      key="13"
      width="23px"
    />
    <Box
      height="23px"
      key="14"
      width="23px"
    />
    <Box
      height="23px"
      key="15"
      width="23px"
    />
    <Box
      height="23px"
      key="16"
      width="23px"
    />
    <Box
      height="23px"
      key="17"
      width="23px"
    />
    <Box
      height="23px"
      key="18"
      width="23px"
    />
    <Box
      height="23px"
      key="19"
      width="23px"
    />
    <Box
      height="23px"
      key="20"
      width="23px"
    />
  </Box>
  <Box
    display="flex"
    key="2"
  >
    <Box
      height="23px"
      key="0"
      width="23px"
    />
    <Box
      height="23px"
      key="1"
      width="23px"
    />
    <Box
      height="23px"
      key="2"
      width="23px"
    />
    <Box
      height="23px"
      key="3"
      width="23px"
    />
    <Box
      height="23px"
      key="4"
      width="23px"
    />
    <Box
      height="23px"
      key="5"
      width="23px"
    />
    <Box
      height="23px"
      key="6"
      width="23px"
    />
    <Box
      height="23px"
      key="7"
      width="23px"
    />
    <Box
      height="23px"
      key="8"
      width="23px"
    />
    <Box
      height="23px"
      key="9"
      width="23px"
    />
    <Box
      height="23px"
      key="10"
      width="23px"
    />
    <Box
      height="23px"
      key="11"
      width="23px"
    />
    <Box
      height="23px"
      key="12"
      width="23px"
    />
    <Box
      height="23px"
      key="13"
      width="23px"
    />
    <Box
      height="23px"
      key="14"
      width="23px"
    />
    <Box
      height="23px"
      key="15"
      width="23px"
    />
    <Box
      height="23px"
      key="16"
      width="23px"
    />
    <Box
      height="23px"
      key="17"
      width="23px"
    />
    <Box
      height="23px"
      key="18"
      width="23px"
    />
    <Box
      height="23px"
      key="19"
      width="23px"
    />
    <Box
      height="23px"
      key="20"
      width="23px"
    />
  </Box>
  <Box
    display="flex"
    key="3"
  >
    <Box
      height="23px"
      key="0"
      width="23px"
    />
    <Box
      height="23px"
      key="1"
      width="23px"
    />
    <Box
      height="23px"
      key="2"
      width="23px"
    />
    <Box
      height="23px"
      key="3"
      width="23px"
    />
    <Box
      height="23px"
      key="4"
      width="23px"
    />
    <Box
      height="23px"
      key="5"
      width="23px"
    />
    <Box
      height="23px"
      key="6"
      width="23px"
    />
    <Box
      height="23px"
      key="7"
      width="23px"
    />
    <Box
      height="23px"
      key="8"
      width="23px"
    />
    <Box
      height="23px"
      key="9"
      width="23px"
    />
    <Box
      height="23px"
      key="10"
      width="23px"
    />
    <Box
      height="23px"
      key="11"
      width="23px"
    />
    <Box
      height="23px"
      key="12"
      width="23px"
    />
    <Box
      height="23px"
      key="13"
      width="23px"
    />
    <Box
      height="23px"
      key="14"
      width="23px"
    />
    <Box
      height="23px"
      key="15"
      width="23px"
    />
    <Box
      height="23px"
      key="16"
      width="23px"
    />
    <Box
      height="23px"
      key="17"
      width="23px"
    />
    <Box
      height="23px"
      key="18"
      width="23px"
    />
    <Box
      height="23px"
      key="19"
      width="23px"
    />
    <Box
      height="23px"
      key="20"
      width="23px"
    />
  </Box>
  <Box
    display="flex"
    key="4"
  >
    <Box
      height="23px"
      key="0"
      width="23px"
    />
    <Box
      height="23px"
      key="1"
      width="23px"
    />
    <Box
      height="23px"
      key="2"
      width="23px"
    />
    <Box
      height="23px"
      key="3"
      width="23px"
    />
    <Box
      height="23px"
      key="4"
      width="23px"
    />
    <Box
      height="23px"
      key="5"
      width="23px"
    />
    <Box
      height="23px"
      key="6"
      width="23px"
    />
    <Box
      height="23px"
      key="7"
      width="23px"
    />
    <Box
      height="23px"
      key="8"
      width="23px"
    />
    <Box
      height="23px"
      key="9"
      width="23px"
    />
    <Box
      height="23px"
      key="10"
      width="23px"
    />
    <Box
      height="23px"
      key="11"
      width="23px"
    />
    <Box
      height="23px"
      key="12"
      width="23px"
    />
    <Box
      height="23px"
      key="13"
      width="23px"
    />
    <Box
      height="23px"
      key="14"
      width="23px"
    />
    <Box
      height="23px"
      key="15"
      width="23px"
    />
    <Box
      height="23px"
      key="16"
      width="23px"
    />
    <Box
      height="23px"
      key="17"
      width="23px"
    />
    <Box
      height="23px"
      key="18"
      width="23px"
    />
    <Box
      height="23px"
      key="19"
      width="23px"
    />
    <Box
      height="23px"
      key="20"
      width="23px"
    />
  </Box>
  <Box
    display="flex"
    key="5"
  >
    <Box
      height="23px"
      key="0"
      width="23px"
    />
    <Box
      height="23px"
      key="1"
      width="23px"
    />
    <Box
      height="23px"
      key="2"
      width="23px"
    />
    <Box
      height="23px"
      key="3"
      width="23px"
    />
    <Box
      height="23px"
      key="4"
      width="23px"
    />
    <Box
      height="23px"
      key="5"
      width="23px"
    />
    <Box
      height="23px"
      key="6"
      width="23px"
    />
    <Box
      height="23px"
      key="7"
      width="23px"
    />
    <Box
      height="23px"
      key="8"
      width="23px"
    />
    <Box
      height="23px"
      key="9"
      width="23px"
    />
    <Box
      height="23px"
      key="10"
      width="23px"
    />
    <Box
      height="23px"
      key="11"
      width="23px"
    />
    <Box
      height="23px"
      key="12"
      width="23px"
    />
    <Box
      height="23px"
      key="13"
      width="23px"
    />
    <Box
      height="23px"
      key="14"
      width="23px"
    />
    <Box
      height="23px"
      key="15"
      width="23px"
    />
    <Box
      height="23px"
      key="16"
      width="23px"
    />
    <Box
      height="23px"
      key="17"
      width="23px"
    />
    <Box
      height="23px"
      key="18"
      width="23px"
    />
    <Box
      height="23px"
      key="19"
      width="23px"
    />
    <Box
      height="23px"
      key="20"
      width="23px"
    />
  </Box>
  <Box
    display="flex"
    key="6"
  >
    <Box
      height="23px"
      key="0"
      width="23px"
    />
    <Box
      height="23px"
      key="1"
      width="23px"
    />
    <Box
      height="23px"
      key="2"
      width="23px"
    />
    <Box
      height="23px"
      key="3"
      width="23px"
    />
    <Box
      height="23px"
      key="4"
      width="23px"
    />
    <Box
      height="23px"
      key="5"
      width="23px"
    />
    <Box
      height="23px"
      key="6"
      width="23px"
    />
    <Box
      height="23px"
      key="7"
      width="23px"
    />
    <Box
      height="23px"
      key="8"
      width="23px"
    />
    <Box
      height="23px"
      key="9"
      width="23px"
    />
    <Box
      height="23px"
      key="10"
      width="23px"
    />
    <Box
      height="23px"
      key="11"
      width="23px"
    />
    <Box
      height="23px"
      key="12"
      width="23px"
    />
    <Box
      height="23px"
      key="13"
      width="23px"
    />
    <Box
      height="23px"
      key="14"
      width="23px"
    />
    <Box
      height="23px"
      key="15"
      width="23px"
    />
    <Box
      height="23px"
      key="16"
      width="23px"
    />
    <Box
      height="23px"
      key="17"
      width="23px"
    />
    <Box
      height="23px"
      key="18"
      width="23px"
    />
    <Box
      height="23px"
      key="19"
      width="23px"
    />
    <Box
      height="23px"
      key="20"
      width="23px"
    />
  </Box>
  <Box
    display="flex"
    key="7"
  >
    <Box
      height="23px"
      key="0"
      width="23px"
    />
    <Box
      height="23px"
      key="1"
      width="23px"
    />
    <Box
      height="23px"
      key="2"
      width="23px"
    />
    <Box
      height="23px"
      key="3"
      width="23px"
    />
    <Box
      height="23px"
      key="4"
      width="23px"
    />
    <Box
      height="23px"
      key="5"
      width="23px"
    />
    <Box
      height="23px"
      key="6"
      width="23px"
    />
    <Box
      height="23px"
      key="7"
      width="23px"
    />
    <Box
      height="23px"
      key="8"
      width="23px"
    />
    <Box
      height="23px"
      key="9"
      width="23px"
    />
    <Box
      height="23px"
      key="10"
      width="23px"
    />
    <Box
      height="23px"
      key="11"
      width="23px"
    />
    <Box
      height="23px"
      key="12"
      width="23px"
    />
    <Box
      height="23px"
      key="13"
      width="23px"
    />
    <Box
      height="23px"
      key="14"
      width="23px"
    />
    <Box
      height="23px"
      key="15"
      width="23px"
    />
    <Box
      height="23px"
      key="16"
      width="23px"
    />
    <Box
      height="23px"
      key="17"
      width="23px"
    />
    <Box
      height="23px"
      key="18"
      width="23px"
    />
    <Box
      height="23px"
      key="19"
      width="23px"
    />
    <Box
      height="23px"
      key="20"
      width="23px"
    />
  </Box>
  <Box
    display="flex"
    key="8"
  >
    <Box
      height="23px"
      key="0"
      width="23px"
    />
    <Box
      height="23px"
      key="1"
      width="23px"
    />
    <Box
      height="23px"
      key="2"
      width="23px"
    />
    <Box
      height="23px"
      key="3"
      width="23px"
    />
    <Box
      height="23px"
      key="4"
      width="23px"
    />
    <Box
      height="23px"
      key="5"
      width="23px"
    />
    <Box
      height="23px"
      key="6"
      width="23px"
    />
    <Box
      height="23px"
      key="7"
      width="23px"
    />
    <Box
      height="23px"
      key="8"
      width="23px"
    />
    <Box
      height="23px"
      key="9"
      width="23px"
    />
    <Box
      height="23px"
      key="10"
      width="23px"
    />
    <Box
      height="23px"
      key="11"
      width="23px"
    />
    <Box
      height="23px"
      key="12"
      width="23px"
    />
    <Box
      height="23px"
      key="13"
      width="23px"
    />
    <Box
      height="23px"
      key="14"
      width="23px"
    />
    <Box
      height="23px"
      key="15"
      width="23px"
    />
    <Box
      height="23px"
      key="16"
      width="23px"
    />
    <Box
      height="23px"
      key="17"
      width="23px"
    />
    <Box
      height="23px"
      key="18"
      width="23px"
    />
    <Box
      height="23px"
      key="19"
      width="23px"
    />
    <Box
      height="23px"
      key="20"
      width="23px"
    />
  </Box>
  <Box
    display="flex"
    key="9"
  >
    <Box
      height="23px"
      key="0"
      width="23px"
    />
    <Box
      height="23px"
      key="1"
      width="23px"
    />
    <Box
      height="23px"
      key="2"
      width="23px"
    />
    <Box
      height="23px"
      key="3"
      width="23px"
    />
    <Box
      height="23px"
      key="4"
      width="23px"
    />
    <Box
      height="23px"
      key="5"
      width="23px"
    />
    <Box
      height="23px"
      key="6"
      width="23px"
    />
    <Box
      height="23px"
      key="7"
      width="23px"
    />
    <Box
      height="23px"
      key="8"
      width="23px"
    />
    <Box
      height="23px"
      key="9"
      width="23px"
    />
    <Box
      height="23px"
      key="10"
      width="23px"
    />
    <Box
      height="23px"
      key="11"
      width="23px"
    />
    <Box
      height="23px"
      key="12"
      width="23px"
    />
    <Box
      height="23px"
      key="13"
      width="23px"
    />
    <Box
      height="23px"
      key="14"
      width="23px"
    />
    <Box
      height="23px"
      key="15"
      width="23px"
    />
    <Box
      height="23px"
      key="16"
      width="23px"
    />
    <Box
      height="23px"
      key="17"
      width="23px"
    />
    <Box
      height="23px"
      key="18"
      width="23px"
    />
    <Box
      height="23px"
      key="19"
      width="23px"
    />
    <Box
      height="23px"
      key="20"
      width="23px"
    />
  </Box>
  <Box
    display="flex"
    key="10"
  >
    <Box
      height="23px"
      key="0"
      width="23px"
    />
    <Box
      height="23px"
      key="1"
      width="23px"
    />
    <Box
      height="23px"
      key="2"
      width="23px"
    />
    <Box
      height="23px"
      key="3"
      width="23px"
    />
    <Box
      height="23px"
      key="4"
      width="23px"
    />
    <Box
      height="23px"
      key="5"
      width="23px"
    />
    <Box
      height="23px"
      key="6"
      width="23px"
    />
    <Box
      height="23px"
      key="7"
      width="23px"
    />
    <Box
      height="23px"
      key="8"
      width="23px"
    />
    <Box
      height="23px"
      key="9"
      width="23px"
    />
    <Box
      height="23px"
      key="10"
      width="23px"
    />
    <Box
      height="23px"
      key="11"
      width="23px"
    />
    <Box
      height="23px"
      key="12"
      width="23px"
    />
    <Box
      height="23px"
      key="13"
      width="23px"
    />
    <Box
      height="23px"
      key="14"
      width="23px"
    />
    <Box
      height="23px"
      key="15"
      width="23px"
    />
    <Box
      height="23px"
      key="16"
      width="23px"
    />
    <Box
      height="23px"
      key="17"
      width="23px"
    />
    <Box
      height="23px"
      key="18"
      width="23px"
    />
    <Box
      height="23px"
      key="19"
      width="23px"
    />
    <Box
      height="23px"
      key="20"
      width="23px"
    />
  </Box>
  <Box
    display="flex"
    key="11"
  >
    <Box
      height="23px"
      key="0"
      width="23px"
    />
    <Box
      height="23px"
      key="1"
      width="23px"
    />
    <Box
      height="23px"
      key="2"
      width="23px"
    />
    <Box
      height="23px"
      key="3"
      width="23px"
    />
    <Box
      height="23px"
      key="4"
      width="23px"
    />
    <Box
      height="23px"
      key="5"
      width="23px"
    />
    <Box
      height="23px"
      key="6"
      width="23px"
    />
    <Box
      height="23px"
      key="7"
      width="23px"
    />
    <Box
      height="23px"
      key="8"
      width="23px"
    />
    <Box
      height="23px"
      key="9"
      width="23px"
    />
    <Box
      height="23px"
      key="10"
      width="23px"
    />
    <Box
      height="23px"
      key="11"
      width="23px"
    />
    <Box
      height="23px"
      key="12"
      width="23px"
    />
    <Box
      height="23px"
      key="13"
      width="23px"
    />
    <Box
      height="23px"
      key="14"
      width="23px"
    />
    <Box
      height="23px"
      key="15"
      width="23px"
    />
    <Box
      height="23px"
      key="16"
      width="23px"
    />
    <Box
      height="23px"
      key="17"
      width="23px"
    />
    <Box
      height="23px"
      key="18"
      width="23px"
    />
    <Box
      height="23px"
      key="19"
      width="23px"
    />
    <Box
      height="23px"
      key="20"
      width="23px"
    />
  </Box>
  <Box
    display="flex"
    key="12"
  >
    <Box
      height="23px"
      key="0"
      width="23px"
    />
    <Box
      height="23px"
      key="1"
      width="23px"
    />
    <Box
      height="23px"
      key="2"
      width="23px"
    />
    <Box
      height="23px"
      key="3"
      width="23px"
    />
    <Box
      height="23px"
      key="4"
      width="23px"
    />
    <Box
      height="23px"
      key="5"
      width="23px"
    />
    <Box
      height="23px"
      key="6"
      width="23px"
    />
    <Box
      height="23px"
      key="7"
      width="23px"
    />
    <Box
      height="23px"
      key="8"
      width="23px"
    />
    <Box
      height="23px"
      key="9"
      width="23px"
    />
    <Box
      height="23px"
      key="10"
      width="23px"
    />
    <Box
      height="23px"
      key="11"
      width="23px"
    />
    <Box
      height="23px"
      key="12"
      width="23px"
    />
    <Box
      height="23px"
      key="13"
      width="23px"
    />
    <Box
      height="23px"
      key="14"
      width="23px"
    />
    <Box
      height="23px"
      key="15"
      width="23px"
    />
    <Box
      height="23px"
      key="16"
      width="23px"
    />
    <Box
      height="23px"
      key="17"
      width="23px"
    />
    <Box
      height="23px"
      key="18"
      width="23px"
    />
    <Box
      height="23px"
      key="19"
      width="23px"
    />
    <Box
      height="23px"
      key="20"
      width="23px"
    />
  </Box>
  <Box
    display="flex"
    key="13"
  >
    <Box
      height="23px"
      key="0"
      width="23px"
    />
    <Box
      height="23px"
      key="1"
      width="23px"
    />
    <Box
      height="23px"
      key="2"
      width="23px"
    />
    <Box
      height="23px"
      key="3"
      width="23px"
    />
    <Box
      height="23px"
      key="4"
      width="23px"
    />
    <Box
      height="23px"
      key="5"
      width="23px"
    />
    <Box
      height="23px"
      key="6"
      width="23px"
    />
    <Box
      height="23px"
      key="7"
      width="23px"
    />
    <Box
      height="23px"
      key="8"
      width="23px"
    />
    <Box
      height="23px"
      key="9"
      width="23px"
    />
    <Box
      height="23px"
      key="10"
      width="23px"
    />
    <Box
      height="23px"
      key="11"
      width="23px"
    />
    <Box
      height="23px"
      key="12"
      width="23px"
    />
    <Box
      height="23px"
      key="13"
      width="23px"
    />
    <Box
      height="23px"
      key="14"
      width="23px"
    />
    <Box
      height="23px"
      key="15"
      width="23px"
    />
    <Box
      height="23px"
      key="16"
      width="23px"
    />
    <Box
      height="23px"
      key="17"
      width="23px"
    />
    <Box
      height="23px"
      key="18"
      width="23px"
    />
    <Box
      height="23px"
      key="19"
      width="23px"
    />
    <Box
      height="23px"
      key="20"
      width="23px"
    />
  </Box>
  <Box
    display="flex"
    key="14"
  >
    <Box
      height="23px"
      key="0"
      width="23px"
    />
    <Box
      height="23px"
      key="1"
      width="23px"
    />
    <Box
      height="23px"
      key="2"
      width="23px"
    />
    <Box
      height="23px"
      key="3"
      width="23px"
    />
    <Box
      height="23px"
      key="4"
      width="23px"
    />
    <Box
      height="23px"
      key="5"
      width="23px"
    />
    <Box
      height="23px"
      key="6"
      width="23px"
    />
    <Box
      height="23px"
      key="7"
      width="23px"
    />
    <Box
      height="23px"
      key="8"
      width="23px"
    />
    <Box
      height="23px"
      key="9"
      width="23px"
    />
    <Box
      height="23px"
      key="10"
      width="23px"
    />
    <Box
      height="23px"
      key="11"
      width="23px"
    />
    <Box
      height="23px"
      key="12"
      width="23px"
    />
    <Box
      height="23px"
      key="13"
      width="23px"
    />
    <Box
      height="23px"
      key="14"
      width="23px"
    />
    <Box
      height="23px"
      key="15"
      width="23px"
    />
    <Box
      height="23px"
      key="16"
      width="23px"
    />
    <Box
      height="23px"
      key="17"
      width="23px"
    />
    <Box
      height="23px"
      key="18"
      width="23px"
    />
    <Box
      height="23px"
      key="19"
      width="23px"
    />
    <Box
      height="23px"
      key="20"
      width="23px"
    />
  </Box>
  <Box
    display="flex"
    key="15"
  >
    <Box
      height="23px"
      key="0"
      width="23px"
    />
    <Box
      height="23px"
      key="1"
      width="23px"
    />
    <Box
      height="23px"
      key="2"
      width="23px"
    />
    <Box
      height="23px"
      key="3"
      width="23px"
    />
    <Box
      height="23px"
      key="4"
      width="23px"
    />
    <Box
      height="23px"
      key="5"
      width="23px"
    />
    <Box
      height="23px"
      key="6"
      width="23px"
    />
    <Box
      height="23px"
      key="7"
      width="23px"
    />
    <Box
      height="23px"
      key="8"
      width="23px"
    />
    <Box
      height="23px"
      key="9"
      width="23px"
    />
    <Box
      height="23px"
      key="10"
      width="23px"
    />
    <Box
      height="23px"
      key="11"
      width="23px"
    />
    <Box
      height="23px"
      key="12"
      width="23px"
    />
    <Box
      height="23px"
      key="13"
      width="23px"
    />
    <Box
      height="23px"
      key="14"
      width="23px"
    />
    <Box
      height="23px"
      key="15"
      width="23px"
    />
    <Box
      height="23px"
      key="16"
      width="23px"
    />
    <Box
      height="23px"
      key="17"
      width="23px"
    />
    <Box
      height="23px"
      key="18"
      width="23px"
    />
    <Box
      height="23px"
      key="19"
      width="23px"
    />
    <Box
      height="23px"
      key="20"
      width="23px"
    />
  </Box>
  <Box
    display="flex"
    key="16"
  >
    <Box
      height="23px"
      key="0"
      width="23px"
    />
    <Box
      height="23px"
      key="1"
      width="23px"
    />
    <Box
      height="23px"
      key="2"
      width="23px"
    />
    <Box
      height="23px"
      key="3"
      width="23px"
    />
    <Box
      height="23px"
      key="4"
      width="23px"
    />
    <Box
      height="23px"
      key="5"
      width="23px"
    />
    <Box
      height="23px"
      key="6"
      width="23px"
    />
    <Box
      height="23px"
      key="7"
      width="23px"
    />
    <Box
      height="23px"
      key="8"
      width="23px"
    />
    <Box
      height="23px"
      key="9"
      width="23px"
    />
    <Box
      height="23px"
      key="10"
      width="23px"
    />
    <Box
      height="23px"
      key="11"
      width="23px"
    />
    <Box
      height="23px"
      key="12"
      width="23px"
    />
    <Box
      height="23px"
      key="13"
      width="23px"
    />
    <Box
      height="23px"
      key="14"
      width="23px"
    />
    <Box
      height="23px"
      key="15"
      width="23px"
    />
    <Box
      height="23px"
      key="16"
      width="23px"
    />
    <Box
      height="23px"
      key="17"
      width="23px"
    />
    <Box
      height="23px"
      key="18"
      width="23px"
    />
    <Box
      height="23px"
      key="19"
      width="23px"
    />
    <Box
      height="23px"
      key="20"
      width="23px"
    />
  </Box>
  <Box
    display="flex"
    key="17"
  >
    <Box
      height="23px"
      key="0"
      width="23px"
    />
    <Box
      height="23px"
      key="1"
      width="23px"
    />
    <Box
      height="23px"
      key="2"
      width="23px"
    />
    <Box
      height="23px"
      key="3"
      width="23px"
    />
    <Box
      height="23px"
      key="4"
      width="23px"
    />
    <Box
      height="23px"
      key="5"
      width="23px"
    />
    <Box
      height="23px"
      key="6"
      width="23px"
    />
    <Box
      height="23px"
      key="7"
      width="23px"
    />
    <Box
      height="23px"
      key="8"
      width="23px"
    />
    <Box
      height="23px"
      key="9"
      width="23px"
    />
    <Box
      height="23px"
      key="10"
      width="23px"
    />
    <Box
      height="23px"
      key="11"
      width="23px"
    />
    <Box
      height="23px"
      key="12"
      width="23px"
    />
    <Box
      height="23px"
      key="13"
      width="23px"
    />
    <Box
      height="23px"
      key="14"
      width="23px"
    />
    <Box
      height="23px"
      key="15"
      width="23px"
    />
    <Box
      height="23px"
      key="16"
      width="23px"
    />
    <Box
      height="23px"
      key="17"
      width="23px"
    />
    <Box
      height="23px"
      key="18"
      width="23px"
    />
    <Box
      height="23px"
      key="19"
      width="23px"
    />
    <Box
      height="23px"
      key="20"
      width="23px"
    />
  </Box>
  <Box
    display="flex"
    key="18"
  >
    <Box
      height="23px"
      key="0"
      width="23px"
    />
    <Box
      height="23px"
      key="1"
      width="23px"
    />
    <Box
      height="23px"
      key="2"
      width="23px"
    />
    <Box
      height="23px"
      key="3"
      width="23px"
    />
    <Box
      height="23px"
      key="4"
      width="23px"
    />
    <Box
      height="23px"
      key="5"
      width="23px"
    />
    <Box
      height="23px"
      key="6"
      width="23px"
    />
    <Box
      height="23px"
      key="7"
      width="23px"
    />
    <Box
      height="23px"
      key="8"
      width="23px"
    />
    <Box
      height="23px"
      key="9"
      width="23px"
    />
    <Box
      height="23px"
      key="10"
      width="23px"
    />
    <Box
      height="23px"
      key="11"
      width="23px"
    />
    <Box
      height="23px"
      key="12"
      width="23px"
    />
    <Box
      height="23px"
      key="13"
      width="23px"
    />
    <Box
      height="23px"
      key="14"
      width="23px"
    />
    <Box
      height="23px"
      key="15"
      width="23px"
    />
    <Box
      height="23px"
      key="16"
      width="23px"
    />
    <Box
      height="23px"
      key="17"
      width="23px"
    />
    <Box
      height="23px"
      key="18"
      width="23px"
    />
    <Box
      height="23px"
      key="19"
      width="23px"
    />
    <Box
      height="23px"
      key="20"
      width="23px"
    />
  </Box>
  <Box
    display="flex"
    key="19"
  >
    <Box
      height="23px"
      key="0"
      width="23px"
    />
    <Box
      height="23px"
      key="1"
      width="23px"
    />
    <Box
      height="23px"
      key="2"
      width="23px"
    />
    <Box
      height="23px"
      key="3"
      width="23px"
    />
    <Box
      height="23px"
      key="4"
      width="23px"
    />
    <Box
      height="23px"
      key="5"
      width="23px"
    />
    <Box
      height="23px"
      key="6"
      width="23px"
    />
    <Box
      height="23px"
      key="7"
      width="23px"
    />
    <Box
      height="23px"
      key="8"
      width="23px"
    />
    <Box
      height="23px"
      key="9"
      width="23px"
    />
    <Box
      height="23px"
      key="10"
      width="23px"
    />
    <Box
      height="23px"
      key="11"
      width="23px"
    />
    <Box
      height="23px"
      key="12"
      width="23px"
    />
    <Box
      height="23px"
      key="13"
      width="23px"
    />
    <Box
      height="23px"
      key="14"
      width="23px"
    />
    <Box
      height="23px"
      key="15"
      width="23px"
    />
    <Box
      height="23px"
      key="16"
      width="23px"
    />
    <Box
      height="23px"
      key="17"
      width="23px"
    />
    <Box
      height="23px"
      key="18"
      width="23px"
    />
    <Box
      height="23px"
      key="19"
      width="23px"
    />
    <Box
      height="23px"
      key="20"
      width="23px"
    />
  </Box>
  <Box
    display="flex"
    key="20"
  >
    <Box
      height="23px"
      key="0"
      width="23px"
    />
    <Box
      height="23px"
      key="1"
      width="23px"
    />
    <Box
      height="23px"
      key="2"
      width="23px"
    />
    <Box
      height="23px"
      key="3"
      width="23px"
    />
    <Box
      height="23px"
      key="4"
      width="23px"
    />
    <Box
      height="23px"
      key="5"
      width="23px"
    />
    <Box
      height="23px"
      key="6"
      width="23px"
    />
    <Box
      height="23px"
      key="7"
      width="23px"
    />
    <Box
      height="23px"
      key="8"
      width="23px"
    />
    <Box
      height="23px"
      key="9"
      width="23px"
    />
    <Box
      height="23px"
      key="10"
      width="23px"
    />
    <Box
      height="23px"
      key="11"
      width="23px"
    />
    <Box
      height="23px"
      key="12"
      width="23px"
    />
    <Box
      height="23px"
      key="13"
      width="23px"
    />
    <Box
      height="23px"
      key="14"
      width="23px"
    />
    <Box
      height="23px"
      key="15"
      width="23px"
    />
    <Box
      height="23px"
      key="16"
      width="23px"
    />
    <Box
      height="23px"
      key="17"
      width="23px"
    />
    <Box
      height="23px"
      key="18"
      width="23px"
    />
    <Box
      height="23px"
      key="19"
      width="23px"
    />
    <Box
      height="23px"
      key="20"
      width="23px"
    />
  </Box>
</ForwardRef(Card2)>
`;
