// Jest Snapshot v1, https://goo.gl/fbAQLP

exports[`<PreviewBoard /> renders properly 1`] = `
<TransparentPaper
  component={
    {
      "$$typeof": Symbol(react.forward_ref),
      "propTypes": {
        "children": [Function],
        "component": [Function],
        "sx": [Function],
      },
      "render": [Function],
    }
  }
  display="inline-flex"
  flexDirection="column"
>
  <ForwardRef(Box)
    display="flex"
    key="0"
  >
    <img
      alt="Tile for the letter A"
      height="23px"
      key="0"
      src="/assets/images/A.png"
      width="23px"
    />
    <ForwardRef(Box)
      height="23px"
      key="1"
      width="23px"
    />
  </ForwardRef(Box)>
  <ForwardRef(Box)
    display="flex"
    key="1"
  >
    <ForwardRef(Box)
      height="23px"
      key="0"
      width="23px"
    />
    <ForwardRef(Box)
      height="23px"
      key="1"
      width="23px"
    />
  </ForwardRef(Box)>
</TransparentPaper>
`;
