// Jest Snapshot v1, https://goo.gl/fbAQLP

exports[`<AppRoutes /> renders correct routes 1`] = `
<Routes>
  <Route
    element={<CreateGame />}
    path="/"
  />
  <Route
    element={
      <SocketGameProvider>
        <GameManager
          game={<GameRedesign />}
        />
      </SocketGameProvider>
    }
    path="/game/:gameId"
  />
  <Route
    element={<JoinGame />}
    path="/game/:gameId/join"
  />
  <Route
    element={<Tutorial />}
    path="/tutorial"
  />
  <Route
    element={<Changelog />}
    path="/changelog"
  />
  <Route
    element={<NotFound />}
    path="*"
  />
</Routes>
`;
