// Jest Snapshot v1, https://goo.gl/fbAQLP

exports[`<Changelog /> renders table of changes 1`] = `
<Container>
  <Heading
    as="h1"
    marginY="35px"
    textAlign="center"
  >
    Changelog
  </Heading>
  <ForwardRef>
    <Table
      variant="striped"
    >
      <ForwardRef>
        <ForwardRef>
          <ForwardRef
            textAlign="right"
          >
            Date
          </ForwardRef>
          <ForwardRef>
            Description
          </ForwardRef>
        </ForwardRef>
      </ForwardRef>
      <ForwardRef>
        <ForwardRef
          key="redesign"
        >
          <ForwardRef
            overflowWrap="break-word"
            textAlign="right"
            verticalAlign="top"
          >
            Jan 18, 2024
          </ForwardRef>
          <ForwardRef
            whiteSpace="normal"
          >
            Gameplay has been completely redesigned! Give it a try, report bugs, and provide feedback.
          </ForwardRef>
        </ForwardRef>
        <ForwardRef
          key="swap-tiles"
        >
          <ForwardRef
            overflowWrap="break-word"
            textAlign="right"
            verticalAlign="top"
          >
            Dec 2, 2023
          </ForwardRef>
          <ForwardRef
            whiteSpace="normal"
          >
            Added the ability to swap tiles on the board by placing one tile on top of another.
          </ForwardRef>
        </ForwardRef>
        <ForwardRef
          key="leave-game-tiles"
        >
          <ForwardRef
            overflowWrap="break-word"
            textAlign="right"
            verticalAlign="top"
          >
            Nov 30, 2023
          </ForwardRef>
          <ForwardRef
            whiteSpace="normal"
          >
            Tiles will no longer return to the bunch when a player leaves the game.
          </ForwardRef>
        </ForwardRef>
        <ForwardRef
          key="game-start"
        >
          <ForwardRef
            overflowWrap="break-word"
            textAlign="right"
            verticalAlign="top"
          >
            Nov 25, 2023
          </ForwardRef>
          <ForwardRef
            whiteSpace="normal"
          >
            Added start game button. The game will no longer automatically start when all players are ready.
          </ForwardRef>
        </ForwardRef>
        <ForwardRef
          key="spectator-view"
        >
          <ForwardRef
            overflowWrap="break-word"
            textAlign="right"
            verticalAlign="top"
          >
            Nov 24, 2023
          </ForwardRef>
          <ForwardRef
            whiteSpace="normal"
          >
            Added spectator mode. Players can now join in-progress games as spectators!
          </ForwardRef>
        </ForwardRef>
        <ForwardRef
          key="changelog"
        >
          <ForwardRef
            overflowWrap="break-word"
            textAlign="right"
            verticalAlign="top"
          >
            Nov 17, 2023
          </ForwardRef>
          <ForwardRef
            whiteSpace="normal"
          >
            Added changelog.
          </ForwardRef>
        </ForwardRef>
        <ForwardRef
          key="dark-mode"
        >
          <ForwardRef
            overflowWrap="break-word"
            textAlign="right"
            verticalAlign="top"
          >
            Nov 11, 2023
          </ForwardRef>
          <ForwardRef
            whiteSpace="normal"
          >
            Added dark mode.
          </ForwardRef>
        </ForwardRef>
        <ForwardRef
          key="and-we-back"
        >
          <ForwardRef
            overflowWrap="break-word"
            textAlign="right"
            verticalAlign="top"
          >
            Nov 10, 2023
          </ForwardRef>
          <ForwardRef
            whiteSpace="normal"
          >
            We're back!
          </ForwardRef>
        </ForwardRef>
      </ForwardRef>
    </Table>
  </ForwardRef>
</Container>
`;
