// Jest Snapshot v1, https://goo.gl/fbAQLP

exports[`<Tile /> renders properly 1`] = `
<ForwardRef(Box)
  alignItems="center"
  border={1}
  borderRadius={1}
  display="inline-flex"
  justifyContent="center"
  sx={
    Object {
      "backgroundColor": "#ffffc7",
      "color": "black",
      "cursor": "move",
      "height": "25px",
      "margin": "0",
      "opacity": 1,
      "width": "25px",
    }
  }
>
  <ForwardRef(Typography)
    variant="body2"
  >
    A
  </ForwardRef(Typography)>
</ForwardRef(Box)>
`;
