// Jest Snapshot v1, https://goo.gl/fbAQLP

exports[`<App /> renders properly 1`] = `
.emotion-0dkj5uh-App {
  min-height: 100vh;
}

<RecoilRoot>
  <BrowserRouter>
    <div
      className="emotion-0"
    >
      <Routes />
    </div>
    <SocketDisconnectModal />
  </BrowserRouter>
</RecoilRoot>
`;
