// Jest Snapshot v1, https://goo.gl/fbAQLP

exports[`styles useStyles contains expected values 1`] = `
Object {
  "closeButton": Object {
    "color": "white",
    "position": "fixed",
    "right": 0,
    "top": 0,
    "zIndex": 2,
  },
  "drawer": Object {
    "breakpoints-up-sm": Object {
      "width": 9,
    },
    "width": 8,
  },
  "drawerPaper": Object {
    "breakpoints-up-sm": Object {
      "width": 9,
    },
    "width": 8,
  },
  "invalidDrop": Object {
    "backgroundColor": "#error-main",
    "color": "#error-contrast-text",
    "opacity": 0.5,
  },
  "transparentPaper": Object {
    "backgroundColor": "transparent",
  },
  "validDrop": Object {
    "backgroundColor": "#success-main",
    "color": "#success-contrast-text",
    "opacity": 0.5,
  },
}
`;
