// Jest Snapshot v1, https://goo.gl/fbAQLP

exports[`<TextField /> renders properly 1`] = `
<FormControl
  isRequired={true}
>
  <FormLabel
    htmlFor="name"
  >
    Label
  </FormLabel>
  <Input
    id="name"
    name="name"
    onChange={[Function]}
    type="text"
    value="value"
  />
</FormControl>
`;
