// Jest Snapshot v1, https://goo.gl/fbAQLP

exports[`<Dump /> drag text renders when can drop 1`] = `null`;

exports[`<Dump /> renders properly 1`] = `
<ForwardRef(Card2)
  variant="outline"
>
  <ForwardRef(CardBody2)
    color="gray.500"
    textAlign="center"
  >
    <Text>
      Dump!
    </Text>
    <Text>
      Drag a tile here to exchange it for 
      3
       from the bunch
    </Text>
  </ForwardRef(CardBody2)>
</ForwardRef(Card2)>
`;
