// Jest Snapshot v1, https://goo.gl/fbAQLP

exports[`<PreviewHand /> renders properly 1`] = `
<TransparentPaper
  component={
    Object {
      "$$typeof": Symbol(react.forward_ref),
      "propTypes": Object {
        "children": [Function],
        "component": [Function],
        "sx": [Function],
      },
      "render": [Function],
    }
  }
  display="inline-flex"
  flexWrap="wrap"
  width="100%"
>
  <img
    alt="Tile for the letter A"
    height="15px"
    key="A1"
    src="/assets/images/A.png"
    width="15px"
  />
  <img
    alt="Tile for the letter B"
    height="15px"
    key="B1"
    src="/assets/images/B.png"
    width="15px"
  />
</TransparentPaper>
`;
