// Jest Snapshot v1, https://goo.gl/fbAQLP

exports[`<Tile /> renders properly 1`] = `
<Box
  alignItems="center"
  backgroundColor="yellow.100"
  border="1px"
  borderColor="black"
  borderRadius="5px"
  color="black"
  cursor="move"
  display="inline-flex"
  height="25px"
  justifyContent="center"
  margin="0"
  opacity={1}
  width="25px"
>
  <Text
    as="b"
  >
    A
  </Text>
</Box>
`;
