// Jest Snapshot v1, https://goo.gl/fbAQLP

exports[`<Board /> renders properly 1`] = `
<ForwardRef(Card2)
  display="inline-flex"
  flexDirection="column"
  variant="outline"
>
  <Flex
    key="0"
  >
    <BoardSquare
      boardSquare={
        {
          "tile": {
            "id": "A1",
            "letter": "A",
          },
          "wordInfo": {
            "ACROSS": {
              "start": {
                "x": 0,
                "y": 0,
              },
              "validation": "VALID",
            },
            "DOWN": {
              "start": {
                "x": 0,
                "y": 0,
              },
              "validation": "NOT_VALIDATED",
            },
          },
        }
      }
      key="0"
      x={0}
      y={0}
    />
    <BoardSquare
      boardSquare={null}
      key="1"
      x={1}
      y={0}
    />
    <BoardSquare
      boardSquare={null}
      key="2"
      x={2}
      y={0}
    />
    <BoardSquare
      boardSquare={null}
      key="3"
      x={3}
      y={0}
    />
    <BoardSquare
      boardSquare={null}
      key="4"
      x={4}
      y={0}
    />
    <BoardSquare
      boardSquare={null}
      key="5"
      x={5}
      y={0}
    />
    <BoardSquare
      boardSquare={null}
      key="6"
      x={6}
      y={0}
    />
    <BoardSquare
      boardSquare={null}
      key="7"
      x={7}
      y={0}
    />
    <BoardSquare
      boardSquare={null}
      key="8"
      x={8}
      y={0}
    />
    <BoardSquare
      boardSquare={null}
      key="9"
      x={9}
      y={0}
    />
    <BoardSquare
      boardSquare={null}
      key="10"
      x={10}
      y={0}
    />
    <BoardSquare
      boardSquare={null}
      key="11"
      x={11}
      y={0}
    />
    <BoardSquare
      boardSquare={null}
      key="12"
      x={12}
      y={0}
    />
    <BoardSquare
      boardSquare={null}
      key="13"
      x={13}
      y={0}
    />
    <BoardSquare
      boardSquare={null}
      key="14"
      x={14}
      y={0}
    />
    <BoardSquare
      boardSquare={null}
      key="15"
      x={15}
      y={0}
    />
    <BoardSquare
      boardSquare={null}
      key="16"
      x={16}
      y={0}
    />
    <BoardSquare
      boardSquare={null}
      key="17"
      x={17}
      y={0}
    />
    <BoardSquare
      boardSquare={null}
      key="18"
      x={18}
      y={0}
    />
    <BoardSquare
      boardSquare={null}
      key="19"
      x={19}
      y={0}
    />
    <BoardSquare
      boardSquare={null}
      key="20"
      x={20}
      y={0}
    />
  </Flex>
  <Flex
    key="1"
  >
    <BoardSquare
      boardSquare={null}
      key="0"
      x={0}
      y={1}
    />
    <BoardSquare
      boardSquare={null}
      key="1"
      x={1}
      y={1}
    />
    <BoardSquare
      boardSquare={null}
      key="2"
      x={2}
      y={1}
    />
    <BoardSquare
      boardSquare={null}
      key="3"
      x={3}
      y={1}
    />
    <BoardSquare
      boardSquare={null}
      key="4"
      x={4}
      y={1}
    />
    <BoardSquare
      boardSquare={null}
      key="5"
      x={5}
      y={1}
    />
    <BoardSquare
      boardSquare={null}
      key="6"
      x={6}
      y={1}
    />
    <BoardSquare
      boardSquare={null}
      key="7"
      x={7}
      y={1}
    />
    <BoardSquare
      boardSquare={null}
      key="8"
      x={8}
      y={1}
    />
    <BoardSquare
      boardSquare={null}
      key="9"
      x={9}
      y={1}
    />
    <BoardSquare
      boardSquare={null}
      key="10"
      x={10}
      y={1}
    />
    <BoardSquare
      boardSquare={null}
      key="11"
      x={11}
      y={1}
    />
    <BoardSquare
      boardSquare={null}
      key="12"
      x={12}
      y={1}
    />
    <BoardSquare
      boardSquare={null}
      key="13"
      x={13}
      y={1}
    />
    <BoardSquare
      boardSquare={null}
      key="14"
      x={14}
      y={1}
    />
    <BoardSquare
      boardSquare={null}
      key="15"
      x={15}
      y={1}
    />
    <BoardSquare
      boardSquare={null}
      key="16"
      x={16}
      y={1}
    />
    <BoardSquare
      boardSquare={null}
      key="17"
      x={17}
      y={1}
    />
    <BoardSquare
      boardSquare={null}
      key="18"
      x={18}
      y={1}
    />
    <BoardSquare
      boardSquare={null}
      key="19"
      x={19}
      y={1}
    />
    <BoardSquare
      boardSquare={null}
      key="20"
      x={20}
      y={1}
    />
  </Flex>
  <Flex
    key="2"
  >
    <BoardSquare
      boardSquare={null}
      key="0"
      x={0}
      y={2}
    />
    <BoardSquare
      boardSquare={null}
      key="1"
      x={1}
      y={2}
    />
    <BoardSquare
      boardSquare={null}
      key="2"
      x={2}
      y={2}
    />
    <BoardSquare
      boardSquare={null}
      key="3"
      x={3}
      y={2}
    />
    <BoardSquare
      boardSquare={null}
      key="4"
      x={4}
      y={2}
    />
    <BoardSquare
      boardSquare={null}
      key="5"
      x={5}
      y={2}
    />
    <BoardSquare
      boardSquare={null}
      key="6"
      x={6}
      y={2}
    />
    <BoardSquare
      boardSquare={null}
      key="7"
      x={7}
      y={2}
    />
    <BoardSquare
      boardSquare={null}
      key="8"
      x={8}
      y={2}
    />
    <BoardSquare
      boardSquare={null}
      key="9"
      x={9}
      y={2}
    />
    <BoardSquare
      boardSquare={null}
      key="10"
      x={10}
      y={2}
    />
    <BoardSquare
      boardSquare={null}
      key="11"
      x={11}
      y={2}
    />
    <BoardSquare
      boardSquare={null}
      key="12"
      x={12}
      y={2}
    />
    <BoardSquare
      boardSquare={null}
      key="13"
      x={13}
      y={2}
    />
    <BoardSquare
      boardSquare={null}
      key="14"
      x={14}
      y={2}
    />
    <BoardSquare
      boardSquare={null}
      key="15"
      x={15}
      y={2}
    />
    <BoardSquare
      boardSquare={null}
      key="16"
      x={16}
      y={2}
    />
    <BoardSquare
      boardSquare={null}
      key="17"
      x={17}
      y={2}
    />
    <BoardSquare
      boardSquare={null}
      key="18"
      x={18}
      y={2}
    />
    <BoardSquare
      boardSquare={null}
      key="19"
      x={19}
      y={2}
    />
    <BoardSquare
      boardSquare={null}
      key="20"
      x={20}
      y={2}
    />
  </Flex>
  <Flex
    key="3"
  >
    <BoardSquare
      boardSquare={null}
      key="0"
      x={0}
      y={3}
    />
    <BoardSquare
      boardSquare={null}
      key="1"
      x={1}
      y={3}
    />
    <BoardSquare
      boardSquare={null}
      key="2"
      x={2}
      y={3}
    />
    <BoardSquare
      boardSquare={null}
      key="3"
      x={3}
      y={3}
    />
    <BoardSquare
      boardSquare={null}
      key="4"
      x={4}
      y={3}
    />
    <BoardSquare
      boardSquare={null}
      key="5"
      x={5}
      y={3}
    />
    <BoardSquare
      boardSquare={null}
      key="6"
      x={6}
      y={3}
    />
    <BoardSquare
      boardSquare={null}
      key="7"
      x={7}
      y={3}
    />
    <BoardSquare
      boardSquare={null}
      key="8"
      x={8}
      y={3}
    />
    <BoardSquare
      boardSquare={null}
      key="9"
      x={9}
      y={3}
    />
    <BoardSquare
      boardSquare={null}
      key="10"
      x={10}
      y={3}
    />
    <BoardSquare
      boardSquare={null}
      key="11"
      x={11}
      y={3}
    />
    <BoardSquare
      boardSquare={null}
      key="12"
      x={12}
      y={3}
    />
    <BoardSquare
      boardSquare={null}
      key="13"
      x={13}
      y={3}
    />
    <BoardSquare
      boardSquare={null}
      key="14"
      x={14}
      y={3}
    />
    <BoardSquare
      boardSquare={null}
      key="15"
      x={15}
      y={3}
    />
    <BoardSquare
      boardSquare={null}
      key="16"
      x={16}
      y={3}
    />
    <BoardSquare
      boardSquare={null}
      key="17"
      x={17}
      y={3}
    />
    <BoardSquare
      boardSquare={null}
      key="18"
      x={18}
      y={3}
    />
    <BoardSquare
      boardSquare={null}
      key="19"
      x={19}
      y={3}
    />
    <BoardSquare
      boardSquare={null}
      key="20"
      x={20}
      y={3}
    />
  </Flex>
  <Flex
    key="4"
  >
    <BoardSquare
      boardSquare={null}
      key="0"
      x={0}
      y={4}
    />
    <BoardSquare
      boardSquare={null}
      key="1"
      x={1}
      y={4}
    />
    <BoardSquare
      boardSquare={null}
      key="2"
      x={2}
      y={4}
    />
    <BoardSquare
      boardSquare={null}
      key="3"
      x={3}
      y={4}
    />
    <BoardSquare
      boardSquare={null}
      key="4"
      x={4}
      y={4}
    />
    <BoardSquare
      boardSquare={null}
      key="5"
      x={5}
      y={4}
    />
    <BoardSquare
      boardSquare={null}
      key="6"
      x={6}
      y={4}
    />
    <BoardSquare
      boardSquare={null}
      key="7"
      x={7}
      y={4}
    />
    <BoardSquare
      boardSquare={null}
      key="8"
      x={8}
      y={4}
    />
    <BoardSquare
      boardSquare={null}
      key="9"
      x={9}
      y={4}
    />
    <BoardSquare
      boardSquare={null}
      key="10"
      x={10}
      y={4}
    />
    <BoardSquare
      boardSquare={null}
      key="11"
      x={11}
      y={4}
    />
    <BoardSquare
      boardSquare={null}
      key="12"
      x={12}
      y={4}
    />
    <BoardSquare
      boardSquare={null}
      key="13"
      x={13}
      y={4}
    />
    <BoardSquare
      boardSquare={null}
      key="14"
      x={14}
      y={4}
    />
    <BoardSquare
      boardSquare={null}
      key="15"
      x={15}
      y={4}
    />
    <BoardSquare
      boardSquare={null}
      key="16"
      x={16}
      y={4}
    />
    <BoardSquare
      boardSquare={null}
      key="17"
      x={17}
      y={4}
    />
    <BoardSquare
      boardSquare={null}
      key="18"
      x={18}
      y={4}
    />
    <BoardSquare
      boardSquare={null}
      key="19"
      x={19}
      y={4}
    />
    <BoardSquare
      boardSquare={null}
      key="20"
      x={20}
      y={4}
    />
  </Flex>
  <Flex
    key="5"
  >
    <BoardSquare
      boardSquare={null}
      key="0"
      x={0}
      y={5}
    />
    <BoardSquare
      boardSquare={null}
      key="1"
      x={1}
      y={5}
    />
    <BoardSquare
      boardSquare={null}
      key="2"
      x={2}
      y={5}
    />
    <BoardSquare
      boardSquare={null}
      key="3"
      x={3}
      y={5}
    />
    <BoardSquare
      boardSquare={null}
      key="4"
      x={4}
      y={5}
    />
    <BoardSquare
      boardSquare={null}
      key="5"
      x={5}
      y={5}
    />
    <BoardSquare
      boardSquare={null}
      key="6"
      x={6}
      y={5}
    />
    <BoardSquare
      boardSquare={null}
      key="7"
      x={7}
      y={5}
    />
    <BoardSquare
      boardSquare={null}
      key="8"
      x={8}
      y={5}
    />
    <BoardSquare
      boardSquare={null}
      key="9"
      x={9}
      y={5}
    />
    <BoardSquare
      boardSquare={null}
      key="10"
      x={10}
      y={5}
    />
    <BoardSquare
      boardSquare={null}
      key="11"
      x={11}
      y={5}
    />
    <BoardSquare
      boardSquare={null}
      key="12"
      x={12}
      y={5}
    />
    <BoardSquare
      boardSquare={null}
      key="13"
      x={13}
      y={5}
    />
    <BoardSquare
      boardSquare={null}
      key="14"
      x={14}
      y={5}
    />
    <BoardSquare
      boardSquare={null}
      key="15"
      x={15}
      y={5}
    />
    <BoardSquare
      boardSquare={null}
      key="16"
      x={16}
      y={5}
    />
    <BoardSquare
      boardSquare={null}
      key="17"
      x={17}
      y={5}
    />
    <BoardSquare
      boardSquare={null}
      key="18"
      x={18}
      y={5}
    />
    <BoardSquare
      boardSquare={null}
      key="19"
      x={19}
      y={5}
    />
    <BoardSquare
      boardSquare={null}
      key="20"
      x={20}
      y={5}
    />
  </Flex>
  <Flex
    key="6"
  >
    <BoardSquare
      boardSquare={null}
      key="0"
      x={0}
      y={6}
    />
    <BoardSquare
      boardSquare={null}
      key="1"
      x={1}
      y={6}
    />
    <BoardSquare
      boardSquare={null}
      key="2"
      x={2}
      y={6}
    />
    <BoardSquare
      boardSquare={null}
      key="3"
      x={3}
      y={6}
    />
    <BoardSquare
      boardSquare={null}
      key="4"
      x={4}
      y={6}
    />
    <BoardSquare
      boardSquare={null}
      key="5"
      x={5}
      y={6}
    />
    <BoardSquare
      boardSquare={null}
      key="6"
      x={6}
      y={6}
    />
    <BoardSquare
      boardSquare={null}
      key="7"
      x={7}
      y={6}
    />
    <BoardSquare
      boardSquare={null}
      key="8"
      x={8}
      y={6}
    />
    <BoardSquare
      boardSquare={null}
      key="9"
      x={9}
      y={6}
    />
    <BoardSquare
      boardSquare={null}
      key="10"
      x={10}
      y={6}
    />
    <BoardSquare
      boardSquare={null}
      key="11"
      x={11}
      y={6}
    />
    <BoardSquare
      boardSquare={null}
      key="12"
      x={12}
      y={6}
    />
    <BoardSquare
      boardSquare={null}
      key="13"
      x={13}
      y={6}
    />
    <BoardSquare
      boardSquare={null}
      key="14"
      x={14}
      y={6}
    />
    <BoardSquare
      boardSquare={null}
      key="15"
      x={15}
      y={6}
    />
    <BoardSquare
      boardSquare={null}
      key="16"
      x={16}
      y={6}
    />
    <BoardSquare
      boardSquare={null}
      key="17"
      x={17}
      y={6}
    />
    <BoardSquare
      boardSquare={null}
      key="18"
      x={18}
      y={6}
    />
    <BoardSquare
      boardSquare={null}
      key="19"
      x={19}
      y={6}
    />
    <BoardSquare
      boardSquare={null}
      key="20"
      x={20}
      y={6}
    />
  </Flex>
  <Flex
    key="7"
  >
    <BoardSquare
      boardSquare={null}
      key="0"
      x={0}
      y={7}
    />
    <BoardSquare
      boardSquare={null}
      key="1"
      x={1}
      y={7}
    />
    <BoardSquare
      boardSquare={null}
      key="2"
      x={2}
      y={7}
    />
    <BoardSquare
      boardSquare={null}
      key="3"
      x={3}
      y={7}
    />
    <BoardSquare
      boardSquare={null}
      key="4"
      x={4}
      y={7}
    />
    <BoardSquare
      boardSquare={null}
      key="5"
      x={5}
      y={7}
    />
    <BoardSquare
      boardSquare={null}
      key="6"
      x={6}
      y={7}
    />
    <BoardSquare
      boardSquare={null}
      key="7"
      x={7}
      y={7}
    />
    <BoardSquare
      boardSquare={null}
      key="8"
      x={8}
      y={7}
    />
    <BoardSquare
      boardSquare={null}
      key="9"
      x={9}
      y={7}
    />
    <BoardSquare
      boardSquare={null}
      key="10"
      x={10}
      y={7}
    />
    <BoardSquare
      boardSquare={null}
      key="11"
      x={11}
      y={7}
    />
    <BoardSquare
      boardSquare={null}
      key="12"
      x={12}
      y={7}
    />
    <BoardSquare
      boardSquare={null}
      key="13"
      x={13}
      y={7}
    />
    <BoardSquare
      boardSquare={null}
      key="14"
      x={14}
      y={7}
    />
    <BoardSquare
      boardSquare={null}
      key="15"
      x={15}
      y={7}
    />
    <BoardSquare
      boardSquare={null}
      key="16"
      x={16}
      y={7}
    />
    <BoardSquare
      boardSquare={null}
      key="17"
      x={17}
      y={7}
    />
    <BoardSquare
      boardSquare={null}
      key="18"
      x={18}
      y={7}
    />
    <BoardSquare
      boardSquare={null}
      key="19"
      x={19}
      y={7}
    />
    <BoardSquare
      boardSquare={null}
      key="20"
      x={20}
      y={7}
    />
  </Flex>
  <Flex
    key="8"
  >
    <BoardSquare
      boardSquare={null}
      key="0"
      x={0}
      y={8}
    />
    <BoardSquare
      boardSquare={null}
      key="1"
      x={1}
      y={8}
    />
    <BoardSquare
      boardSquare={null}
      key="2"
      x={2}
      y={8}
    />
    <BoardSquare
      boardSquare={null}
      key="3"
      x={3}
      y={8}
    />
    <BoardSquare
      boardSquare={null}
      key="4"
      x={4}
      y={8}
    />
    <BoardSquare
      boardSquare={null}
      key="5"
      x={5}
      y={8}
    />
    <BoardSquare
      boardSquare={null}
      key="6"
      x={6}
      y={8}
    />
    <BoardSquare
      boardSquare={null}
      key="7"
      x={7}
      y={8}
    />
    <BoardSquare
      boardSquare={null}
      key="8"
      x={8}
      y={8}
    />
    <BoardSquare
      boardSquare={null}
      key="9"
      x={9}
      y={8}
    />
    <BoardSquare
      boardSquare={null}
      key="10"
      x={10}
      y={8}
    />
    <BoardSquare
      boardSquare={null}
      key="11"
      x={11}
      y={8}
    />
    <BoardSquare
      boardSquare={null}
      key="12"
      x={12}
      y={8}
    />
    <BoardSquare
      boardSquare={null}
      key="13"
      x={13}
      y={8}
    />
    <BoardSquare
      boardSquare={null}
      key="14"
      x={14}
      y={8}
    />
    <BoardSquare
      boardSquare={null}
      key="15"
      x={15}
      y={8}
    />
    <BoardSquare
      boardSquare={null}
      key="16"
      x={16}
      y={8}
    />
    <BoardSquare
      boardSquare={null}
      key="17"
      x={17}
      y={8}
    />
    <BoardSquare
      boardSquare={null}
      key="18"
      x={18}
      y={8}
    />
    <BoardSquare
      boardSquare={null}
      key="19"
      x={19}
      y={8}
    />
    <BoardSquare
      boardSquare={null}
      key="20"
      x={20}
      y={8}
    />
  </Flex>
  <Flex
    key="9"
  >
    <BoardSquare
      boardSquare={null}
      key="0"
      x={0}
      y={9}
    />
    <BoardSquare
      boardSquare={null}
      key="1"
      x={1}
      y={9}
    />
    <BoardSquare
      boardSquare={null}
      key="2"
      x={2}
      y={9}
    />
    <BoardSquare
      boardSquare={null}
      key="3"
      x={3}
      y={9}
    />
    <BoardSquare
      boardSquare={null}
      key="4"
      x={4}
      y={9}
    />
    <BoardSquare
      boardSquare={null}
      key="5"
      x={5}
      y={9}
    />
    <BoardSquare
      boardSquare={null}
      key="6"
      x={6}
      y={9}
    />
    <BoardSquare
      boardSquare={null}
      key="7"
      x={7}
      y={9}
    />
    <BoardSquare
      boardSquare={null}
      key="8"
      x={8}
      y={9}
    />
    <BoardSquare
      boardSquare={null}
      key="9"
      x={9}
      y={9}
    />
    <BoardSquare
      boardSquare={null}
      key="10"
      x={10}
      y={9}
    />
    <BoardSquare
      boardSquare={null}
      key="11"
      x={11}
      y={9}
    />
    <BoardSquare
      boardSquare={null}
      key="12"
      x={12}
      y={9}
    />
    <BoardSquare
      boardSquare={null}
      key="13"
      x={13}
      y={9}
    />
    <BoardSquare
      boardSquare={null}
      key="14"
      x={14}
      y={9}
    />
    <BoardSquare
      boardSquare={null}
      key="15"
      x={15}
      y={9}
    />
    <BoardSquare
      boardSquare={null}
      key="16"
      x={16}
      y={9}
    />
    <BoardSquare
      boardSquare={null}
      key="17"
      x={17}
      y={9}
    />
    <BoardSquare
      boardSquare={null}
      key="18"
      x={18}
      y={9}
    />
    <BoardSquare
      boardSquare={null}
      key="19"
      x={19}
      y={9}
    />
    <BoardSquare
      boardSquare={null}
      key="20"
      x={20}
      y={9}
    />
  </Flex>
  <Flex
    key="10"
  >
    <BoardSquare
      boardSquare={null}
      key="0"
      x={0}
      y={10}
    />
    <BoardSquare
      boardSquare={null}
      key="1"
      x={1}
      y={10}
    />
    <BoardSquare
      boardSquare={null}
      key="2"
      x={2}
      y={10}
    />
    <BoardSquare
      boardSquare={null}
      key="3"
      x={3}
      y={10}
    />
    <BoardSquare
      boardSquare={null}
      key="4"
      x={4}
      y={10}
    />
    <BoardSquare
      boardSquare={null}
      key="5"
      x={5}
      y={10}
    />
    <BoardSquare
      boardSquare={null}
      key="6"
      x={6}
      y={10}
    />
    <BoardSquare
      boardSquare={null}
      key="7"
      x={7}
      y={10}
    />
    <BoardSquare
      boardSquare={null}
      key="8"
      x={8}
      y={10}
    />
    <BoardSquare
      boardSquare={null}
      key="9"
      x={9}
      y={10}
    />
    <BoardSquare
      boardSquare={null}
      key="10"
      x={10}
      y={10}
    />
    <BoardSquare
      boardSquare={null}
      key="11"
      x={11}
      y={10}
    />
    <BoardSquare
      boardSquare={null}
      key="12"
      x={12}
      y={10}
    />
    <BoardSquare
      boardSquare={null}
      key="13"
      x={13}
      y={10}
    />
    <BoardSquare
      boardSquare={null}
      key="14"
      x={14}
      y={10}
    />
    <BoardSquare
      boardSquare={null}
      key="15"
      x={15}
      y={10}
    />
    <BoardSquare
      boardSquare={null}
      key="16"
      x={16}
      y={10}
    />
    <BoardSquare
      boardSquare={null}
      key="17"
      x={17}
      y={10}
    />
    <BoardSquare
      boardSquare={null}
      key="18"
      x={18}
      y={10}
    />
    <BoardSquare
      boardSquare={null}
      key="19"
      x={19}
      y={10}
    />
    <BoardSquare
      boardSquare={null}
      key="20"
      x={20}
      y={10}
    />
  </Flex>
  <Flex
    key="11"
  >
    <BoardSquare
      boardSquare={null}
      key="0"
      x={0}
      y={11}
    />
    <BoardSquare
      boardSquare={null}
      key="1"
      x={1}
      y={11}
    />
    <BoardSquare
      boardSquare={null}
      key="2"
      x={2}
      y={11}
    />
    <BoardSquare
      boardSquare={null}
      key="3"
      x={3}
      y={11}
    />
    <BoardSquare
      boardSquare={null}
      key="4"
      x={4}
      y={11}
    />
    <BoardSquare
      boardSquare={null}
      key="5"
      x={5}
      y={11}
    />
    <BoardSquare
      boardSquare={null}
      key="6"
      x={6}
      y={11}
    />
    <BoardSquare
      boardSquare={null}
      key="7"
      x={7}
      y={11}
    />
    <BoardSquare
      boardSquare={null}
      key="8"
      x={8}
      y={11}
    />
    <BoardSquare
      boardSquare={null}
      key="9"
      x={9}
      y={11}
    />
    <BoardSquare
      boardSquare={null}
      key="10"
      x={10}
      y={11}
    />
    <BoardSquare
      boardSquare={null}
      key="11"
      x={11}
      y={11}
    />
    <BoardSquare
      boardSquare={null}
      key="12"
      x={12}
      y={11}
    />
    <BoardSquare
      boardSquare={null}
      key="13"
      x={13}
      y={11}
    />
    <BoardSquare
      boardSquare={null}
      key="14"
      x={14}
      y={11}
    />
    <BoardSquare
      boardSquare={null}
      key="15"
      x={15}
      y={11}
    />
    <BoardSquare
      boardSquare={null}
      key="16"
      x={16}
      y={11}
    />
    <BoardSquare
      boardSquare={null}
      key="17"
      x={17}
      y={11}
    />
    <BoardSquare
      boardSquare={null}
      key="18"
      x={18}
      y={11}
    />
    <BoardSquare
      boardSquare={null}
      key="19"
      x={19}
      y={11}
    />
    <BoardSquare
      boardSquare={null}
      key="20"
      x={20}
      y={11}
    />
  </Flex>
  <Flex
    key="12"
  >
    <BoardSquare
      boardSquare={null}
      key="0"
      x={0}
      y={12}
    />
    <BoardSquare
      boardSquare={null}
      key="1"
      x={1}
      y={12}
    />
    <BoardSquare
      boardSquare={null}
      key="2"
      x={2}
      y={12}
    />
    <BoardSquare
      boardSquare={null}
      key="3"
      x={3}
      y={12}
    />
    <BoardSquare
      boardSquare={null}
      key="4"
      x={4}
      y={12}
    />
    <BoardSquare
      boardSquare={null}
      key="5"
      x={5}
      y={12}
    />
    <BoardSquare
      boardSquare={null}
      key="6"
      x={6}
      y={12}
    />
    <BoardSquare
      boardSquare={null}
      key="7"
      x={7}
      y={12}
    />
    <BoardSquare
      boardSquare={null}
      key="8"
      x={8}
      y={12}
    />
    <BoardSquare
      boardSquare={null}
      key="9"
      x={9}
      y={12}
    />
    <BoardSquare
      boardSquare={null}
      key="10"
      x={10}
      y={12}
    />
    <BoardSquare
      boardSquare={null}
      key="11"
      x={11}
      y={12}
    />
    <BoardSquare
      boardSquare={null}
      key="12"
      x={12}
      y={12}
    />
    <BoardSquare
      boardSquare={null}
      key="13"
      x={13}
      y={12}
    />
    <BoardSquare
      boardSquare={null}
      key="14"
      x={14}
      y={12}
    />
    <BoardSquare
      boardSquare={null}
      key="15"
      x={15}
      y={12}
    />
    <BoardSquare
      boardSquare={null}
      key="16"
      x={16}
      y={12}
    />
    <BoardSquare
      boardSquare={null}
      key="17"
      x={17}
      y={12}
    />
    <BoardSquare
      boardSquare={null}
      key="18"
      x={18}
      y={12}
    />
    <BoardSquare
      boardSquare={null}
      key="19"
      x={19}
      y={12}
    />
    <BoardSquare
      boardSquare={null}
      key="20"
      x={20}
      y={12}
    />
  </Flex>
  <Flex
    key="13"
  >
    <BoardSquare
      boardSquare={null}
      key="0"
      x={0}
      y={13}
    />
    <BoardSquare
      boardSquare={null}
      key="1"
      x={1}
      y={13}
    />
    <BoardSquare
      boardSquare={null}
      key="2"
      x={2}
      y={13}
    />
    <BoardSquare
      boardSquare={null}
      key="3"
      x={3}
      y={13}
    />
    <BoardSquare
      boardSquare={null}
      key="4"
      x={4}
      y={13}
    />
    <BoardSquare
      boardSquare={null}
      key="5"
      x={5}
      y={13}
    />
    <BoardSquare
      boardSquare={null}
      key="6"
      x={6}
      y={13}
    />
    <BoardSquare
      boardSquare={null}
      key="7"
      x={7}
      y={13}
    />
    <BoardSquare
      boardSquare={null}
      key="8"
      x={8}
      y={13}
    />
    <BoardSquare
      boardSquare={null}
      key="9"
      x={9}
      y={13}
    />
    <BoardSquare
      boardSquare={null}
      key="10"
      x={10}
      y={13}
    />
    <BoardSquare
      boardSquare={null}
      key="11"
      x={11}
      y={13}
    />
    <BoardSquare
      boardSquare={null}
      key="12"
      x={12}
      y={13}
    />
    <BoardSquare
      boardSquare={null}
      key="13"
      x={13}
      y={13}
    />
    <BoardSquare
      boardSquare={null}
      key="14"
      x={14}
      y={13}
    />
    <BoardSquare
      boardSquare={null}
      key="15"
      x={15}
      y={13}
    />
    <BoardSquare
      boardSquare={null}
      key="16"
      x={16}
      y={13}
    />
    <BoardSquare
      boardSquare={null}
      key="17"
      x={17}
      y={13}
    />
    <BoardSquare
      boardSquare={null}
      key="18"
      x={18}
      y={13}
    />
    <BoardSquare
      boardSquare={null}
      key="19"
      x={19}
      y={13}
    />
    <BoardSquare
      boardSquare={null}
      key="20"
      x={20}
      y={13}
    />
  </Flex>
  <Flex
    key="14"
  >
    <BoardSquare
      boardSquare={null}
      key="0"
      x={0}
      y={14}
    />
    <BoardSquare
      boardSquare={null}
      key="1"
      x={1}
      y={14}
    />
    <BoardSquare
      boardSquare={null}
      key="2"
      x={2}
      y={14}
    />
    <BoardSquare
      boardSquare={null}
      key="3"
      x={3}
      y={14}
    />
    <BoardSquare
      boardSquare={null}
      key="4"
      x={4}
      y={14}
    />
    <BoardSquare
      boardSquare={null}
      key="5"
      x={5}
      y={14}
    />
    <BoardSquare
      boardSquare={null}
      key="6"
      x={6}
      y={14}
    />
    <BoardSquare
      boardSquare={null}
      key="7"
      x={7}
      y={14}
    />
    <BoardSquare
      boardSquare={null}
      key="8"
      x={8}
      y={14}
    />
    <BoardSquare
      boardSquare={null}
      key="9"
      x={9}
      y={14}
    />
    <BoardSquare
      boardSquare={null}
      key="10"
      x={10}
      y={14}
    />
    <BoardSquare
      boardSquare={null}
      key="11"
      x={11}
      y={14}
    />
    <BoardSquare
      boardSquare={null}
      key="12"
      x={12}
      y={14}
    />
    <BoardSquare
      boardSquare={null}
      key="13"
      x={13}
      y={14}
    />
    <BoardSquare
      boardSquare={null}
      key="14"
      x={14}
      y={14}
    />
    <BoardSquare
      boardSquare={null}
      key="15"
      x={15}
      y={14}
    />
    <BoardSquare
      boardSquare={null}
      key="16"
      x={16}
      y={14}
    />
    <BoardSquare
      boardSquare={null}
      key="17"
      x={17}
      y={14}
    />
    <BoardSquare
      boardSquare={null}
      key="18"
      x={18}
      y={14}
    />
    <BoardSquare
      boardSquare={null}
      key="19"
      x={19}
      y={14}
    />
    <BoardSquare
      boardSquare={null}
      key="20"
      x={20}
      y={14}
    />
  </Flex>
  <Flex
    key="15"
  >
    <BoardSquare
      boardSquare={null}
      key="0"
      x={0}
      y={15}
    />
    <BoardSquare
      boardSquare={null}
      key="1"
      x={1}
      y={15}
    />
    <BoardSquare
      boardSquare={null}
      key="2"
      x={2}
      y={15}
    />
    <BoardSquare
      boardSquare={null}
      key="3"
      x={3}
      y={15}
    />
    <BoardSquare
      boardSquare={null}
      key="4"
      x={4}
      y={15}
    />
    <BoardSquare
      boardSquare={null}
      key="5"
      x={5}
      y={15}
    />
    <BoardSquare
      boardSquare={null}
      key="6"
      x={6}
      y={15}
    />
    <BoardSquare
      boardSquare={null}
      key="7"
      x={7}
      y={15}
    />
    <BoardSquare
      boardSquare={null}
      key="8"
      x={8}
      y={15}
    />
    <BoardSquare
      boardSquare={null}
      key="9"
      x={9}
      y={15}
    />
    <BoardSquare
      boardSquare={null}
      key="10"
      x={10}
      y={15}
    />
    <BoardSquare
      boardSquare={null}
      key="11"
      x={11}
      y={15}
    />
    <BoardSquare
      boardSquare={null}
      key="12"
      x={12}
      y={15}
    />
    <BoardSquare
      boardSquare={null}
      key="13"
      x={13}
      y={15}
    />
    <BoardSquare
      boardSquare={null}
      key="14"
      x={14}
      y={15}
    />
    <BoardSquare
      boardSquare={null}
      key="15"
      x={15}
      y={15}
    />
    <BoardSquare
      boardSquare={null}
      key="16"
      x={16}
      y={15}
    />
    <BoardSquare
      boardSquare={null}
      key="17"
      x={17}
      y={15}
    />
    <BoardSquare
      boardSquare={null}
      key="18"
      x={18}
      y={15}
    />
    <BoardSquare
      boardSquare={null}
      key="19"
      x={19}
      y={15}
    />
    <BoardSquare
      boardSquare={null}
      key="20"
      x={20}
      y={15}
    />
  </Flex>
  <Flex
    key="16"
  >
    <BoardSquare
      boardSquare={null}
      key="0"
      x={0}
      y={16}
    />
    <BoardSquare
      boardSquare={null}
      key="1"
      x={1}
      y={16}
    />
    <BoardSquare
      boardSquare={null}
      key="2"
      x={2}
      y={16}
    />
    <BoardSquare
      boardSquare={null}
      key="3"
      x={3}
      y={16}
    />
    <BoardSquare
      boardSquare={null}
      key="4"
      x={4}
      y={16}
    />
    <BoardSquare
      boardSquare={null}
      key="5"
      x={5}
      y={16}
    />
    <BoardSquare
      boardSquare={null}
      key="6"
      x={6}
      y={16}
    />
    <BoardSquare
      boardSquare={null}
      key="7"
      x={7}
      y={16}
    />
    <BoardSquare
      boardSquare={null}
      key="8"
      x={8}
      y={16}
    />
    <BoardSquare
      boardSquare={null}
      key="9"
      x={9}
      y={16}
    />
    <BoardSquare
      boardSquare={null}
      key="10"
      x={10}
      y={16}
    />
    <BoardSquare
      boardSquare={null}
      key="11"
      x={11}
      y={16}
    />
    <BoardSquare
      boardSquare={null}
      key="12"
      x={12}
      y={16}
    />
    <BoardSquare
      boardSquare={null}
      key="13"
      x={13}
      y={16}
    />
    <BoardSquare
      boardSquare={null}
      key="14"
      x={14}
      y={16}
    />
    <BoardSquare
      boardSquare={null}
      key="15"
      x={15}
      y={16}
    />
    <BoardSquare
      boardSquare={null}
      key="16"
      x={16}
      y={16}
    />
    <BoardSquare
      boardSquare={null}
      key="17"
      x={17}
      y={16}
    />
    <BoardSquare
      boardSquare={null}
      key="18"
      x={18}
      y={16}
    />
    <BoardSquare
      boardSquare={null}
      key="19"
      x={19}
      y={16}
    />
    <BoardSquare
      boardSquare={null}
      key="20"
      x={20}
      y={16}
    />
  </Flex>
  <Flex
    key="17"
  >
    <BoardSquare
      boardSquare={null}
      key="0"
      x={0}
      y={17}
    />
    <BoardSquare
      boardSquare={null}
      key="1"
      x={1}
      y={17}
    />
    <BoardSquare
      boardSquare={null}
      key="2"
      x={2}
      y={17}
    />
    <BoardSquare
      boardSquare={null}
      key="3"
      x={3}
      y={17}
    />
    <BoardSquare
      boardSquare={null}
      key="4"
      x={4}
      y={17}
    />
    <BoardSquare
      boardSquare={null}
      key="5"
      x={5}
      y={17}
    />
    <BoardSquare
      boardSquare={null}
      key="6"
      x={6}
      y={17}
    />
    <BoardSquare
      boardSquare={null}
      key="7"
      x={7}
      y={17}
    />
    <BoardSquare
      boardSquare={null}
      key="8"
      x={8}
      y={17}
    />
    <BoardSquare
      boardSquare={null}
      key="9"
      x={9}
      y={17}
    />
    <BoardSquare
      boardSquare={null}
      key="10"
      x={10}
      y={17}
    />
    <BoardSquare
      boardSquare={null}
      key="11"
      x={11}
      y={17}
    />
    <BoardSquare
      boardSquare={null}
      key="12"
      x={12}
      y={17}
    />
    <BoardSquare
      boardSquare={null}
      key="13"
      x={13}
      y={17}
    />
    <BoardSquare
      boardSquare={null}
      key="14"
      x={14}
      y={17}
    />
    <BoardSquare
      boardSquare={null}
      key="15"
      x={15}
      y={17}
    />
    <BoardSquare
      boardSquare={null}
      key="16"
      x={16}
      y={17}
    />
    <BoardSquare
      boardSquare={null}
      key="17"
      x={17}
      y={17}
    />
    <BoardSquare
      boardSquare={null}
      key="18"
      x={18}
      y={17}
    />
    <BoardSquare
      boardSquare={null}
      key="19"
      x={19}
      y={17}
    />
    <BoardSquare
      boardSquare={null}
      key="20"
      x={20}
      y={17}
    />
  </Flex>
  <Flex
    key="18"
  >
    <BoardSquare
      boardSquare={null}
      key="0"
      x={0}
      y={18}
    />
    <BoardSquare
      boardSquare={null}
      key="1"
      x={1}
      y={18}
    />
    <BoardSquare
      boardSquare={null}
      key="2"
      x={2}
      y={18}
    />
    <BoardSquare
      boardSquare={null}
      key="3"
      x={3}
      y={18}
    />
    <BoardSquare
      boardSquare={null}
      key="4"
      x={4}
      y={18}
    />
    <BoardSquare
      boardSquare={null}
      key="5"
      x={5}
      y={18}
    />
    <BoardSquare
      boardSquare={null}
      key="6"
      x={6}
      y={18}
    />
    <BoardSquare
      boardSquare={null}
      key="7"
      x={7}
      y={18}
    />
    <BoardSquare
      boardSquare={null}
      key="8"
      x={8}
      y={18}
    />
    <BoardSquare
      boardSquare={null}
      key="9"
      x={9}
      y={18}
    />
    <BoardSquare
      boardSquare={null}
      key="10"
      x={10}
      y={18}
    />
    <BoardSquare
      boardSquare={null}
      key="11"
      x={11}
      y={18}
    />
    <BoardSquare
      boardSquare={null}
      key="12"
      x={12}
      y={18}
    />
    <BoardSquare
      boardSquare={null}
      key="13"
      x={13}
      y={18}
    />
    <BoardSquare
      boardSquare={null}
      key="14"
      x={14}
      y={18}
    />
    <BoardSquare
      boardSquare={null}
      key="15"
      x={15}
      y={18}
    />
    <BoardSquare
      boardSquare={null}
      key="16"
      x={16}
      y={18}
    />
    <BoardSquare
      boardSquare={null}
      key="17"
      x={17}
      y={18}
    />
    <BoardSquare
      boardSquare={null}
      key="18"
      x={18}
      y={18}
    />
    <BoardSquare
      boardSquare={null}
      key="19"
      x={19}
      y={18}
    />
    <BoardSquare
      boardSquare={null}
      key="20"
      x={20}
      y={18}
    />
  </Flex>
  <Flex
    key="19"
  >
    <BoardSquare
      boardSquare={null}
      key="0"
      x={0}
      y={19}
    />
    <BoardSquare
      boardSquare={null}
      key="1"
      x={1}
      y={19}
    />
    <BoardSquare
      boardSquare={null}
      key="2"
      x={2}
      y={19}
    />
    <BoardSquare
      boardSquare={null}
      key="3"
      x={3}
      y={19}
    />
    <BoardSquare
      boardSquare={null}
      key="4"
      x={4}
      y={19}
    />
    <BoardSquare
      boardSquare={null}
      key="5"
      x={5}
      y={19}
    />
    <BoardSquare
      boardSquare={null}
      key="6"
      x={6}
      y={19}
    />
    <BoardSquare
      boardSquare={null}
      key="7"
      x={7}
      y={19}
    />
    <BoardSquare
      boardSquare={null}
      key="8"
      x={8}
      y={19}
    />
    <BoardSquare
      boardSquare={null}
      key="9"
      x={9}
      y={19}
    />
    <BoardSquare
      boardSquare={null}
      key="10"
      x={10}
      y={19}
    />
    <BoardSquare
      boardSquare={null}
      key="11"
      x={11}
      y={19}
    />
    <BoardSquare
      boardSquare={null}
      key="12"
      x={12}
      y={19}
    />
    <BoardSquare
      boardSquare={null}
      key="13"
      x={13}
      y={19}
    />
    <BoardSquare
      boardSquare={null}
      key="14"
      x={14}
      y={19}
    />
    <BoardSquare
      boardSquare={null}
      key="15"
      x={15}
      y={19}
    />
    <BoardSquare
      boardSquare={null}
      key="16"
      x={16}
      y={19}
    />
    <BoardSquare
      boardSquare={null}
      key="17"
      x={17}
      y={19}
    />
    <BoardSquare
      boardSquare={null}
      key="18"
      x={18}
      y={19}
    />
    <BoardSquare
      boardSquare={null}
      key="19"
      x={19}
      y={19}
    />
    <BoardSquare
      boardSquare={null}
      key="20"
      x={20}
      y={19}
    />
  </Flex>
  <Flex
    key="20"
  >
    <BoardSquare
      boardSquare={null}
      key="0"
      x={0}
      y={20}
    />
    <BoardSquare
      boardSquare={null}
      key="1"
      x={1}
      y={20}
    />
    <BoardSquare
      boardSquare={null}
      key="2"
      x={2}
      y={20}
    />
    <BoardSquare
      boardSquare={null}
      key="3"
      x={3}
      y={20}
    />
    <BoardSquare
      boardSquare={null}
      key="4"
      x={4}
      y={20}
    />
    <BoardSquare
      boardSquare={null}
      key="5"
      x={5}
      y={20}
    />
    <BoardSquare
      boardSquare={null}
      key="6"
      x={6}
      y={20}
    />
    <BoardSquare
      boardSquare={null}
      key="7"
      x={7}
      y={20}
    />
    <BoardSquare
      boardSquare={null}
      key="8"
      x={8}
      y={20}
    />
    <BoardSquare
      boardSquare={null}
      key="9"
      x={9}
      y={20}
    />
    <BoardSquare
      boardSquare={null}
      key="10"
      x={10}
      y={20}
    />
    <BoardSquare
      boardSquare={null}
      key="11"
      x={11}
      y={20}
    />
    <BoardSquare
      boardSquare={null}
      key="12"
      x={12}
      y={20}
    />
    <BoardSquare
      boardSquare={null}
      key="13"
      x={13}
      y={20}
    />
    <BoardSquare
      boardSquare={null}
      key="14"
      x={14}
      y={20}
    />
    <BoardSquare
      boardSquare={null}
      key="15"
      x={15}
      y={20}
    />
    <BoardSquare
      boardSquare={null}
      key="16"
      x={16}
      y={20}
    />
    <BoardSquare
      boardSquare={null}
      key="17"
      x={17}
      y={20}
    />
    <BoardSquare
      boardSquare={null}
      key="18"
      x={18}
      y={20}
    />
    <BoardSquare
      boardSquare={null}
      key="19"
      x={19}
      y={20}
    />
    <BoardSquare
      boardSquare={null}
      key="20"
      x={20}
      y={20}
    />
  </Flex>
</ForwardRef(Card2)>
`;
