// Jest Snapshot v1, https://goo.gl/fbAQLP

exports[`<CeneteredLayout /> renders properly with default width 1`] = `
<Center
  height="100vh"
>
  <Container>
    Children
  </Container>
</Center>
`;

exports[`<CeneteredLayout /> renders properly with passed in width 1`] = `
<Center
  height="100vh"
>
  <Container>
    Children
  </Container>
</Center>
`;
