// Jest Snapshot v1, https://goo.gl/fbAQLP

exports[`CenteredLayout render properly 1`] = `
<Container
  fluid={true}
>
  <Row
    noGutters={false}
  >
    <Col
      md={
        Object {
          "offset": 3,
          "span": 6,
        }
      }
      sm={
        Object {
          "offset": 2,
          "span": 8,
        }
      }
    >
      Children
    </Col>
  </Row>
</Container>
`;
