// Jest Snapshot v1, https://goo.gl/fbAQLP

exports[`<Overlay /> renders hand and controls 1`] = `
.emotion-0jv3q9u-Overlay {
  position: absolute;
  background-color: rgba(173, 216, 230, 0.5);
  border: 1px solid rgb(173, 216, 230);
  width: 70vw;
  bottom: 0;
  left: 0;
  right: 0;
  margin: 15px auto;
  border-radius: 10px;
  display: -webkit-box;
  display: -webkit-flex;
  display: -ms-flexbox;
  display: flex;
  -webkit-box-pack: justify;
  -webkit-justify-content: space-between;
  justify-content: space-between;
  -webkit-align-items: space-around;
  -webkit-box-align: space-around;
  -ms-flex-align: space-around;
  align-items: space-around;
  padding: 15px;
  -webkit-transition: width 0.5s,height 0.5s;
  transition: width 0.5s,height 0.5s;
}

<Draggable
  allowAnyClick={false}
  axis="both"
  bounds={false}
  cancel=".no-drag"
  defaultClassName="react-draggable"
  defaultClassNameDragged="react-draggable-dragged"
  defaultClassNameDragging="react-draggable-dragging"
  defaultPosition={
    Object {
      "x": 0,
      "y": 0,
    }
  }
  disabled={false}
  enableUserSelectHack={true}
  grid={null}
  handle={null}
  offsetParent={null}
  onDrag={[Function]}
  onMouseDown={[Function]}
  onStart={[Function]}
  onStop={[Function]}
  position={null}
  scale={1}
  transform={null}
>
  <div
    className="overlay emotion-0"
    onClick={[Function]}
  >
    <Suspense
      fallback={<LoadingContainer />}
    >
      <lazy />
      <Controls />
    </Suspense>
  </div>
</Draggable>
`;
