// Jest Snapshot v1, https://goo.gl/fbAQLP

exports[`<Overlay /> renders hand and controls 1`] = `
.emotion-09yo750-Overlay {
  background-color: rgba(173, 216, 230, 0.5);
  border: 1px solid rgb(173, 216, 230);
  border-radius: 10px;
  bottom: 0;
  left: 0;
  margin: 15px auto;
  padding: 15px;
  position: absolute;
  right: 0;
  -webkit-transition: width 0.5s,height 0.5s;
  transition: width 0.5s,height 0.5s;
  width: 70vw;
}

<Draggable
  allowAnyClick={false}
  axis="both"
  bounds={false}
  cancel=".no-drag"
  defaultClassName="react-draggable"
  defaultClassNameDragged="react-draggable-dragged"
  defaultClassNameDragging="react-draggable-dragging"
  defaultPosition={
    Object {
      "x": 0,
      "y": 0,
    }
  }
  disabled={false}
  enableUserSelectHack={true}
  grid={null}
  handle={null}
  offsetParent={null}
  onDrag={[Function]}
  onMouseDown={[Function]}
  onStart={[Function]}
  onStop={[Function]}
  position={null}
  scale={1}
  transform={null}
>
  <div
    className="emotion-0"
    onClick={[Function]}
  >
    <Space
      align="start"
      size="middle"
    >
      <Memo(Controls) />
      <Memo(Hand) />
    </Space>
  </div>
</Draggable>
`;
